#
# There is insufficient memory for the Java Runtime Environment to continue.
# Native memory allocation (malloc) failed to allocate 2365984 bytes. Error detail: Chunk::new
# Possible reasons:
#   The system is out of physical RAM or swap space
#   This process is running with CompressedOops enabled, and the Java Heap may be blocking the growth of the native heap
# Possible solutions:
#   Reduce memory load on the system
#   Increase physical memory or swap space
#   Check if swap backing store is full
#   Decrease Java heap size (-Xmx/-Xms)
#   Decrease number of Java threads
#   Decrease Java thread stack sizes (-Xss)
#   Set larger code cache with -XX:ReservedCodeCacheSize=
#   JVM is running with Unscaled Compressed Oops mode in which the Java heap is
#     placed in the first 4GB address space. The Java Heap base address is the
#     maximum limit for the native heap growth. Please use -XX:HeapBaseMinAddress
#     to set the Java Heap base and to place the Java Heap above 4GB virtual address.
# This output file may be truncated or incomplete.
#
#  Out of Memory Error (arena.cpp:168), pid=26184, tid=25408
#
# JRE version: OpenJDK Runtime Environment Temurin-21.0.12.1+1 (21.0.12.1+1) (build 21.0.12.1+1-LTS)
# Java VM: OpenJDK 64-Bit Server VM Temurin-21.0.12.1+1 (21.0.12.1+1-LTS, mixed mode, sharing, tiered, compressed oops, compressed class ptrs, parallel gc, windows-amd64)
# No core dump will be written. Minidumps are not enabled by default on client versions of Windows
#

---------------  S U M M A R Y ------------

Command Line: --add-modules=ALL-SYSTEM --add-opens=java.base/java.util=ALL-UNNAMED --add-opens=java.base/java.lang=ALL-UNNAMED --add-opens=java.base/sun.nio.fs=ALL-UNNAMED -Declipse.application=org.eclipse.jdt.ls.core.id1 -Dosgi.bundles.defaultStartLevel=4 -Declipse.product=org.eclipse.jdt.ls.core.product -Djava.import.generatesMetadataFilesAtProjectRoot=false -Dm2e.project.cache.size=50 -DDetectVMInstallationsJob.disabled=true -Dfile.encoding=utf8 -XX:+UseParallelGC -XX:GCTimeRatio=4 -XX:AdaptiveSizePolicyWeight=90 -Dsun.zip.disableMemoryMapping=true -Xmx2G -Xms100m -Xlog:disable -javaagent:c:\Users\dell\.vscode\extensions\redhat.java-1.56.0-win32-x64\lombok\lombok-1.18.39-4050.jar -XX:+HeapDumpOnOutOfMemoryError -XX:HeapDumpPath=c:\Users\dell\AppData\Roaming\Code\User\workspaceStorage\034b62720de069519e9ab50c464d5e4c\redhat.java -Daether.dependencyCollector.impl=bf c:\Users\dell\.vscode\extensions\redhat.java-1.56.0-win32-x64\server\plugins\org.eclipse.equinox.launcher_1.8.0.v20260804-1928.jar -configuration c:\Users\dell\AppData\Roaming\Code\User\globalStorage\redhat.java\1.56.0\config_win -data c:\Users\dell\AppData\Roaming\Code\User\workspaceStorage\034b62720de069519e9ab50c464d5e4c\redhat.java\jdt_ws --stdio

Host: Intel(R) Core(TM) i7-8750H CPU @ 2.20GHz, 12 cores, 15G,  Windows 11 , 64 bit Build 26100 (10.0.26100.9549)
Time: Sun Oct  4 21:39:34 2026 Nepal Standard Time elapsed time: 28.980446 seconds (0d 0h 0m 28s)

---------------  T H R E A D  ---------------

Current thread (0x000002aaf6afd250):  JavaThread "C2 CompilerThread0" daemon [_thread_in_native, id=25408, stack(0x000000e61df00000,0x000000e61e000000) (1024K)]


Current CompileTask:
C2:28980 12295       4       org.eclipse.jdt.internal.compiler.lookup.LookupEnvironment::getTypeFromTypeSignature (770 bytes)

Stack: [0x000000e61df00000,0x000000e61e000000]
Native frames: (J=compiled Java code, j=interpreted, Vv=VM code, C=native code)
V  [jvm.dll+0x6d83e9]
V  [jvm.dll+0x8b5736]
V  [jvm.dll+0x8b7cee]
V  [jvm.dll+0x8b83d3]
V  [jvm.dll+0x284596]
V  [jvm.dll+0xc685d]
V  [jvm.dll+0xc6da1]
V  [jvm.dll+0x3bf18b]
V  [jvm.dll+0x38b6d2]
V  [jvm.dll+0x38ab1a]
V  [jvm.dll+0x24c700]
V  [jvm.dll+0x24bce0]
V  [jvm.dll+0x1cb4ae]
V  [jvm.dll+0x25baad]
V  [jvm.dll+0x25a03a]
V  [jvm.dll+0x3f8aae]
V  [jvm.dll+0x8600cd]
V  [jvm.dll+0x6d6c1d]
C  [ucrtbase.dll+0x2cd30]
C  [KERNEL32.DLL+0x2cdf7]
C  [ntdll.dll+0x7ee4c]


---------------  P R O C E S S  ---------------

Threads class SMR info:
_java_thread_list=0x000002aaddca9d40, length=69, elements={
0x000002aaf6a42240, 0x000002aaf6ae33d0, 0x000002aaf69ed2d0, 0x000002aaf6ae8060,
0x000002aaf6ae9f50, 0x000002aaf6aec110, 0x000002aaf6af55f0, 0x000002aaf6afd250,
0x000002aaf6afe150, 0x000002aaff983bd0, 0x000002aaffacfcb0, 0x000002aad541a860,
0x000002aad0d97240, 0x000002aad0e67160, 0x000002aad0f067a0, 0x000002aad5a7a010,
0x000002aad0f41c10, 0x000002aad5707b10, 0x000002aad56200b0, 0x000002aad561bd30,
0x000002aad69fe870, 0x000002aad69fc7a0, 0x000002aad69fe1e0, 0x000002aad69fef00,
0x000002aad69fce30, 0x000002aad69ff590, 0x000002aad69fd4c0, 0x000002aad69fdb50,
0x000002aad69fc110, 0x000002aad7b8c380, 0x000002aad7b8ca10, 0x000002aad7b8d730,
0x000002aad7b8a940, 0x000002aad7b8e450, 0x000002aad7b90bb0, 0x000002aad7b90520,
0x000002aad7b8eae0, 0x000002aad7b8fe90, 0x000002aad7b8f170, 0x000002aad7b91240,
0x000002aad7b918d0, 0x000002aad7b8f800, 0x000002aad6316d20, 0x000002aad6315970,
0x000002aad6317a40, 0x000002aad6316000, 0x000002aad6314c50, 0x000002aad63152e0,
0x000002aad6316690, 0x000002aad5d349c0, 0x000002aad5d33ca0, 0x000002aad5d35050,
0x000002aad5d35d70, 0x000002aad5d36400, 0x000002aad5d356e0, 0x000002aad5d36a90,
0x000002aad7623e80, 0x000002aadda2d910, 0x000002aad5d34330, 0x000002aad5d391f0,
0x000002aad5d3a5a0, 0x000002aad5d39880, 0x000002aad5d3ac30, 0x000002aad5d37e40,
0x000002aad5d384d0, 0x000002aad5d38b60, 0x000002aad5d39f10, 0x000002aad5ea97d0,
0x000002aad5ea9e60
}

Java Threads: ( => current thread )
  0x000002aaf6a42240 JavaThread "main"                              [_thread_blocked, id=22160, stack(0x000000e61d500000,0x000000e61d600000) (1024K)]
  0x000002aaf6ae33d0 JavaThread "Reference Handler"          daemon [_thread_blocked, id=26908, stack(0x000000e61d900000,0x000000e61da00000) (1024K)]
  0x000002aaf69ed2d0 JavaThread "Finalizer"                  daemon [_thread_blocked, id=26416, stack(0x000000e61da00000,0x000000e61db00000) (1024K)]
  0x000002aaf6ae8060 JavaThread "Signal Dispatcher"          daemon [_thread_blocked, id=24708, stack(0x000000e61db00000,0x000000e61dc00000) (1024K)]
  0x000002aaf6ae9f50 JavaThread "Attach Listener"            daemon [_thread_blocked, id=25148, stack(0x000000e61dc00000,0x000000e61dd00000) (1024K)]
  0x000002aaf6aec110 JavaThread "Service Thread"             daemon [_thread_blocked, id=25964, stack(0x000000e61dd00000,0x000000e61de00000) (1024K)]
  0x000002aaf6af55f0 JavaThread "Monitor Deflation Thread"   daemon [_thread_blocked, id=24808, stack(0x000000e61de00000,0x000000e61df00000) (1024K)]
=>0x000002aaf6afd250 JavaThread "C2 CompilerThread0"         daemon [_thread_in_native, id=25408, stack(0x000000e61df00000,0x000000e61e000000) (1024K)]
  0x000002aaf6afe150 JavaThread "C1 CompilerThread0"         daemon [_thread_in_native, id=27420, stack(0x000000e61e000000,0x000000e61e100000) (1024K)]
  0x000002aaff983bd0 JavaThread "Common-Cleaner"             daemon [_thread_blocked, id=26412, stack(0x000000e61e200000,0x000000e61e300000) (1024K)]
  0x000002aaffacfcb0 JavaThread "Notification Thread"        daemon [_thread_blocked, id=26236, stack(0x000000e61e300000,0x000000e61e400000) (1024K)]
  0x000002aad541a860 JavaThread "Active Thread: Equinox Container: 79d69073-d4e2-44cc-8fc7-0d6e08e00c18"        [_thread_blocked, id=26340, stack(0x000000e61eb00000,0x000000e61ec00000) (1024K)]
  0x000002aad0d97240 JavaThread "Refresh Thread: Equinox Container: 79d69073-d4e2-44cc-8fc7-0d6e08e00c18" daemon [_thread_blocked, id=20500, stack(0x000000e61ed00000,0x000000e61ee00000) (1024K)]
  0x000002aad0e67160 JavaThread "Framework Event Dispatcher: Equinox Container: 79d69073-d4e2-44cc-8fc7-0d6e08e00c18" daemon [_thread_blocked, id=26308, stack(0x000000e61ee00000,0x000000e61ef00000) (1024K)]
  0x000002aad0f067a0 JavaThread "Start Level: Equinox Container: 79d69073-d4e2-44cc-8fc7-0d6e08e00c18" daemon [_thread_blocked, id=20752, stack(0x000000e61ef00000,0x000000e61f000000) (1024K)]
  0x000002aad5a7a010 JavaThread "Bundle File Closer"         daemon [_thread_blocked, id=15572, stack(0x000000e61f200000,0x000000e61f300000) (1024K)]
  0x000002aad0f41c10 JavaThread "SCR Component Actor"        daemon [_thread_blocked, id=21312, stack(0x000000e61e100000,0x000000e61e200000) (1024K)]
  0x000002aad5707b10 JavaThread "Worker-JM"                         [_thread_blocked, id=23764, stack(0x000000e61f400000,0x000000e61f500000) (1024K)]
  0x000002aad56200b0 JavaThread "Worker-0: Initialize workspace"        [_thread_in_native, id=25268, stack(0x000000e61f300000,0x000000e61f400000) (1024K)]
  0x000002aad561bd30 JavaThread "Worker-1"                          [_thread_blocked, id=20908, stack(0x000000e61f500000,0x000000e61f600000) (1024K)]
  0x000002aad69fe870 JavaThread "Java indexing"              daemon [_thread_in_native, id=6700, stack(0x000000e61f700000,0x000000e61f800000) (1024K)]
  0x000002aad69fc7a0 JavaThread "Worker-2"                          [_thread_blocked, id=1948, stack(0x000000e61f800000,0x000000e61f900000) (1024K)]
  0x000002aad69fe1e0 JavaThread "Worker-3: Java indexing... "        [_thread_blocked, id=6240, stack(0x000000e61f900000,0x000000e61fa00000) (1024K)]
  0x000002aad69fef00 JavaThread "JNA Cleaner"                daemon [_thread_blocked, id=15096, stack(0x000000e61fa00000,0x000000e61fb00000) (1024K)]
  0x000002aad69fce30 JavaThread "Worker-4"                          [_thread_blocked, id=21800, stack(0x000000e61fd00000,0x000000e61fe00000) (1024K)]
  0x000002aad69ff590 JavaThread "Worker-5: Check JDK Index"         [_thread_blocked, id=16756, stack(0x000000e61fe00000,0x000000e61ff00000) (1024K)]
  0x000002aad69fd4c0 JavaThread "pool-2-thread-1"                   [_thread_blocked, id=24964, stack(0x000000e61ff00000,0x000000e620000000) (1024K)]
  0x000002aad69fdb50 JavaThread "WorkspaceEventsHandler"            [_thread_blocked, id=16200, stack(0x000000e620100000,0x000000e620200000) (1024K)]
  0x000002aad69fc110 JavaThread "pool-1-thread-1"                   [_thread_blocked, id=25484, stack(0x000000e620200000,0x000000e620300000) (1024K)]
  0x000002aad7b8c380 JavaThread "ForkJoinPool.commonPool-worker-1" daemon [_thread_blocked, id=20144, stack(0x000000e620300000,0x000000e620400000) (1024K)]
  0x000002aad7b8ca10 JavaThread "ForkJoinPool.commonPool-worker-2" daemon [_thread_blocked, id=23436, stack(0x000000e620400000,0x000000e620500000) (1024K)]
  0x000002aad7b8d730 JavaThread "ForkJoinPool.commonPool-worker-3" daemon [_thread_blocked, id=27336, stack(0x000000e620500000,0x000000e620600000) (1024K)]
  0x000002aad7b8a940 JavaThread "ForkJoinPool.commonPool-worker-4" daemon [_thread_blocked, id=25932, stack(0x000000e620600000,0x000000e620700000) (1024K)]
  0x000002aad7b8e450 JavaThread "ForkJoinPool.commonPool-worker-5" daemon [_thread_blocked, id=24904, stack(0x000000e620700000,0x000000e620800000) (1024K)]
  0x000002aad7b90bb0 JavaThread "LocalFile Deleter"          daemon [_thread_blocked, id=26204, stack(0x000000e620800000,0x000000e620900000) (1024K)]
  0x000002aad7b90520 JavaThread "LocalFile Deleter"          daemon [_thread_blocked, id=24300, stack(0x000000e620900000,0x000000e620a00000) (1024K)]
  0x000002aad7b8eae0 JavaThread "LocalFile Deleter"          daemon [_thread_blocked, id=26608, stack(0x000000e620a00000,0x000000e620b00000) (1024K)]
  0x000002aad7b8fe90 JavaThread "LocalFile Deleter"          daemon [_thread_blocked, id=26304, stack(0x000000e620b00000,0x000000e620c00000) (1024K)]
  0x000002aad7b8f170 JavaThread "LocalFile Deleter"          daemon [_thread_blocked, id=13632, stack(0x000000e620c00000,0x000000e620d00000) (1024K)]
  0x000002aad7b91240 JavaThread "LocalFile Deleter"          daemon [_thread_blocked, id=24684, stack(0x000000e620d00000,0x000000e620e00000) (1024K)]
  0x000002aad7b918d0 JavaThread "LocalFile Deleter"          daemon [_thread_blocked, id=25124, stack(0x000000e620e00000,0x000000e620f00000) (1024K)]
  0x000002aad7b8f800 JavaThread "LocalFile Deleter"          daemon [_thread_blocked, id=25448, stack(0x000000e620f00000,0x000000e621000000) (1024K)]
  0x000002aad6316d20 JavaThread "LocalFile Deleter"          daemon [_thread_blocked, id=25444, stack(0x000000e621000000,0x000000e621100000) (1024K)]
  0x000002aad6315970 JavaThread "LocalFile Deleter"          daemon [_thread_blocked, id=25800, stack(0x000000e621100000,0x000000e621200000) (1024K)]
  0x000002aad6317a40 JavaThread "LocalFile Deleter"          daemon [_thread_blocked, id=20680, stack(0x000000e621200000,0x000000e621300000) (1024K)]
  0x000002aad6316000 JavaThread "LocalFile Deleter"          daemon [_thread_blocked, id=25440, stack(0x000000e621300000,0x000000e621400000) (1024K)]
  0x000002aad6314c50 JavaThread "Compiler Source File Reader" daemon [_thread_blocked, id=26060, stack(0x000000e621400000,0x000000e621500000) (1024K)]
  0x000002aad63152e0 JavaThread "Compiler Source File Reader" daemon [_thread_blocked, id=10748, stack(0x000000e621500000,0x000000e621600000) (1024K)]
  0x000002aad6316690 JavaThread "Compiler Source File Reader" daemon [_thread_blocked, id=25084, stack(0x000000e621600000,0x000000e621700000) (1024K)]
  0x000002aad5d349c0 JavaThread "Compiler Source File Reader" daemon [_thread_blocked, id=24980, stack(0x000000e621700000,0x000000e621800000) (1024K)]
  0x000002aad5d33ca0 JavaThread "Compiler Source File Reader" daemon [_thread_blocked, id=15044, stack(0x000000e621800000,0x000000e621900000) (1024K)]
  0x000002aad5d35050 JavaThread "Compiler Source File Reader" daemon [_thread_blocked, id=24644, stack(0x000000e621900000,0x000000e621a00000) (1024K)]
  0x000002aad5d35d70 JavaThread "Compiler Source File Reader" daemon [_thread_blocked, id=23404, stack(0x000000e621a00000,0x000000e621b00000) (1024K)]
  0x000002aad5d36400 JavaThread "Compiler Source File Reader" daemon [_thread_blocked, id=19464, stack(0x000000e621b00000,0x000000e621c00000) (1024K)]
  0x000002aad5d356e0 JavaThread "Compiler Source File Reader" daemon [_thread_blocked, id=25664, stack(0x000000e621c00000,0x000000e621d00000) (1024K)]
  0x000002aad5d36a90 JavaThread "Compiler Source File Reader" daemon [_thread_blocked, id=4224, stack(0x000000e621d00000,0x000000e621e00000) (1024K)]
  0x000002aad7623e80 JavaThread "C2 CompilerThread1"         daemon [_thread_blocked, id=26120, stack(0x000000e61e400000,0x000000e61e500000) (1024K)]
  0x000002aadda2d910 JavaThread "C2 CompilerThread2"         daemon [_thread_blocked, id=8072, stack(0x000000e61f600000,0x000000e61f700000) (1024K)]
  0x000002aad5d34330 JavaThread "Compiler Processing Task"   daemon [_thread_blocked, id=24900, stack(0x000000e621e00000,0x000000e621f00000) (1024K)]
  0x000002aad5d391f0 JavaThread "Compiler Class File Writer" daemon [_thread_blocked, id=26264, stack(0x000000e621f00000,0x000000e622000000) (1024K)]
  0x000002aad5d3a5a0 JavaThread "Compiler Class File Writer" daemon [_thread_blocked, id=25244, stack(0x000000e622000000,0x000000e622100000) (1024K)]
  0x000002aad5d39880 JavaThread "Compiler Class File Writer" daemon [_thread_blocked, id=25044, stack(0x000000e622100000,0x000000e622200000) (1024K)]
  0x000002aad5d3ac30 JavaThread "Compiler Class File Writer" daemon [_thread_blocked, id=25304, stack(0x000000e622200000,0x000000e622300000) (1024K)]
  0x000002aad5d37e40 JavaThread "Compiler Class File Writer" daemon [_thread_blocked, id=27280, stack(0x000000e622300000,0x000000e622400000) (1024K)]
  0x000002aad5d384d0 JavaThread "Compiler Class File Writer" daemon [_thread_blocked, id=20988, stack(0x000000e622400000,0x000000e622500000) (1024K)]
  0x000002aad5d38b60 JavaThread "Compiler Class File Writer" daemon [_thread_blocked, id=21356, stack(0x000000e622500000,0x000000e622600000) (1024K)]
  0x000002aad5d39f10 JavaThread "Compiler Class File Writer" daemon [_thread_blocked, id=25760, stack(0x000000e622600000,0x000000e622700000) (1024K)]
  0x000002aad5ea97d0 JavaThread "Compiler Class File Writer" daemon [_thread_blocked, id=25508, stack(0x000000e622700000,0x000000e622800000) (1024K)]
  0x000002aad5ea9e60 JavaThread "Compiler Class File Writer" daemon [_thread_blocked, id=25092, stack(0x000000e622800000,0x000000e622900000) (1024K)]
Total: 69

Other Threads:
  0x000002aaff7514a0 VMThread "VM Thread"                           [id=25672, stack(0x000000e61d800000,0x000000e61d900000) (1024K)]
  0x000002aaf68cca00 WatcherThread "VM Periodic Task Thread"        [id=23640, stack(0x000000e61d700000,0x000000e61d800000) (1024K)]
  0x000002aaf6a61490 WorkerThread "GC Thread#0"                     [id=11436, stack(0x000000e61d600000,0x000000e61d700000) (1024K)]
  0x000002aad0a42190 WorkerThread "GC Thread#1"                     [id=21540, stack(0x000000e61e500000,0x000000e61e600000) (1024K)]
  0x000002aad07af310 WorkerThread "GC Thread#2"                     [id=26592, stack(0x000000e61e600000,0x000000e61e700000) (1024K)]
  0x000002aad0d08d10 WorkerThread "GC Thread#3"                     [id=25008, stack(0x000000e61e700000,0x000000e61e800000) (1024K)]
  0x000002aad0803cd0 WorkerThread "GC Thread#4"                     [id=26084, stack(0x000000e61e800000,0x000000e61e900000) (1024K)]
  0x000002aad0e04de0 WorkerThread "GC Thread#5"                     [id=25368, stack(0x000000e61e900000,0x000000e61ea00000) (1024K)]
  0x000002aad0961fb0 WorkerThread "GC Thread#6"                     [id=27396, stack(0x000000e61ea00000,0x000000e61eb00000) (1024K)]
  0x000002aad0d524e0 WorkerThread "GC Thread#7"                     [id=26208, stack(0x000000e61ec00000,0x000000e61ed00000) (1024K)]
  0x000002aad56eb350 WorkerThread "GC Thread#8"                     [id=16236, stack(0x000000e61f000000,0x000000e61f100000) (1024K)]
  0x000002aad5966b30 WorkerThread "GC Thread#9"                     [id=20056, stack(0x000000e61f100000,0x000000e61f200000) (1024K)]
Total: 12

Threads with active compile tasks:
C2 CompilerThread0  29079 12295       4       org.eclipse.jdt.internal.compiler.lookup.LookupEnvironment::getTypeFromTypeSignature (770 bytes)
C1 CompilerThread0  29079 12967       2       org.eclipse.jdt.internal.core.search.indexing.BinaryContainer::isIdentifier (52 bytes)
C2 CompilerThread1  29079 12957 %     4       org.eclipse.jdt.internal.core.search.indexing.BinaryIndexer::extractReferenceFromConstantPool @ 15 (358 bytes)
C2 CompilerThread2  29079 12969 % !   4       org.eclipse.jdt.internal.core.search.indexing.BinaryIndexer::indexDocument @ 563 (1172 bytes)
Total: 4

VM state: not at safepoint (normal execution)

VM Mutex/Monitor currently owned by a thread:  ([mutex/lock_event])
[0x00007ffcb051f6b0] Heap_lock - owner thread: 0x000002aad69fe870

Heap address: 0x0000000080000000, size: 2048 MB, Compressed Oops mode: 32-bit

CDS archive(s) mapped at: [0x000002aa8f000000-0x000002aa8fba0000-0x000002aa8fba0000), size 12189696, SharedBaseAddress: 0x000002aa8f000000, ArchiveRelocationMode: 1.
Compressed class space mapped at: 0x000002aa90000000-0x000002aad0000000, reserved size: 1073741824
Narrow klass base: 0x000002aa8f000000, Narrow klass shift: 0, Narrow klass range: 0x100000000

GC Precious Log:
 CardTable entry size: 512
 CPUs: 12 total, 12 available
 Memory: 16176M
 Large Page Support: Disabled
 NUMA Support: Disabled
 Compressed Oops: Enabled (32-bit)
 Alignments: Space 512K, Generation 512K, Heap 2M
 Heap Min Capacity: 100M
 Heap Initial Capacity: 100M
 Heap Max Capacity: 2G
 Pre-touch: Disabled
 Parallel Workers: 10

Heap:
 PSYoungGen      total 1536K, used 299K [0x00000000d5580000, 0x00000000d5800000, 0x0000000100000000)
  eden space 1024K, 1% used [0x00000000d5580000,0x00000000d5582f08,0x00000000d5680000)
  from space 512K, 56% used [0x00000000d5780000,0x00000000d57c8000,0x00000000d5800000)
  to   space 512K, 0% used [0x00000000d5700000,0x00000000d5700000,0x00000000d5780000)
 ParOldGen       total 413696K, used 413578K [0x0000000080000000, 0x0000000099400000, 0x00000000d5580000)
  object space 413696K, 99% used [0x0000000080000000,0x00000000993e2928,0x0000000099400000)
 Metaspace       used 69067K, committed 70528K, reserved 1114112K
  class space    used 7358K, committed 8000K, reserved 1048576K

Card table byte_map: [0x000002aaf63e0000,0x000002aaf67f0000] _byte_map_base: 0x000002aaf5fe0000

Marking Bits: (ParMarkBitMap*) 0x00007ffcb05244a0
 Begin Bits: [0x000002aaf9ef0000, 0x000002aafbef0000)
 End Bits:   [0x000002aafbef0000, 0x000002aafdef0000)

Polling page: 0x000002aaf4890000

Metaspace:

Usage:
  Non-class:     60.26 MB used.
      Class:      7.19 MB used.
       Both:     67.45 MB used.

Virtual space:
  Non-class space:       64.00 MB reserved,      61.06 MB ( 95%) committed,  1 nodes.
      Class space:        1.00 GB reserved,       7.81 MB ( <1%) committed,  1 nodes.
             Both:        1.06 GB reserved,      68.88 MB (  6%) committed. 

Chunk freelists:
   Non-Class:  2.59 MB
       Class:  8.22 MB
        Both:  10.81 MB

MaxMetaspaceSize: unlimited
CompressedClassSpaceSize: 1.00 GB
Initial GC threshold: 21.00 MB
Current GC threshold: 97.31 MB
CDS: on
 - commit_granule_bytes: 65536.
 - commit_granule_words: 8192.
 - virtual_space_node_default_size: 8388608.
 - enlarge_chunks_in_place: 1.
 - use_allocation_guard: 0.


Internal statistics:

num_allocs_failed_limit: 9.
num_arena_births: 1230.
num_arena_deaths: 22.
num_vsnodes_births: 2.
num_vsnodes_deaths: 0.
num_space_committed: 1102.
num_space_uncommitted: 0.
num_chunks_returned_to_freelist: 35.
num_chunks_taken_from_freelist: 4321.
num_chunk_merges: 13.
num_chunk_splits: 2613.
num_chunks_enlarged: 1471.
num_inconsistent_stats: 0.

CodeHeap 'non-profiled nmethods': size=120000Kb used=9135Kb max_used=9135Kb free=110864Kb
 bounds [0x000002aa87ad0000, 0x000002aa883c0000, 0x000002aa8f000000]
CodeHeap 'profiled nmethods': size=120000Kb used=27552Kb max_used=27552Kb free=92447Kb
 bounds [0x000002aa80000000, 0x000002aa81af0000, 0x000002aa87530000]
CodeHeap 'non-nmethods': size=5760Kb used=1463Kb max_used=1553Kb free=4296Kb
 bounds [0x000002aa87530000, 0x000002aa877a0000, 0x000002aa87ad0000]
CodeCache: size=245760Kb, used=38150Kb, max_used=38240Kb, free=207607Kb
 total_blobs=12972, nmethods=12194, adapters=683, full_count=0
Compilation: enabled, stopped_count=0, restarted_count=0

Compilation events (20 events):
Event: 28.948 Thread 0x000002aaf6afe150 nmethod 12933 0x000002aa81ac9410 code [0x000002aa81ac95e0, 0x000002aa81ac98b8]
Event: 28.948 Thread 0x000002aaf6afe150 12934       3       org.eclipse.core.internal.resources.ResourceProxy::requestResource (34 bytes)
Event: 28.949 Thread 0x000002aaf6afe150 nmethod 12934 0x000002aa81ac9a10 code [0x000002aa81ac9c00, 0x000002aa81aca110]
Event: 28.949 Thread 0x000002aaf6afe150 12936       3       org.eclipse.jdt.internal.compiler.impl.CompilerOptions::updateSeverity (158 bytes)
Event: 28.951 Thread 0x000002aaf6afe150 nmethod 12936 0x000002aa81aca310 code [0x000002aa81aca600, 0x000002aa81acadd0]
Event: 28.951 Thread 0x000002aaf6afe150 12937  s    1       org.eclipse.jdt.internal.core.search.processing.JobManager::getProcessingThread (5 bytes)
Event: 28.951 Thread 0x000002aaf6afe150 nmethod 12937 0x000002aa883b5010 code [0x000002aa883b51a0, 0x000002aa883b5328]
Event: 28.952 Thread 0x000002aaf6afe150 12939  s    3       org.eclipse.jdt.internal.core.search.processing.JobManager::request (52 bytes)
Event: 28.953 Thread 0x000002aaf6afe150 nmethod 12939 0x000002aa81acb190 code [0x000002aa81acb440, 0x000002aa81acc000]
Event: 28.953 Thread 0x000002aaf6afe150 12940       3       org.eclipse.jdt.internal.core.search.indexing.IndexRequest::ensureReadyToRun (16 bytes)
Event: 28.953 Thread 0x000002aaf6afe150 nmethod 12940 0x000002aa81acc390 code [0x000002aa81acc560, 0x000002aa81acc798]
Event: 28.953 Thread 0x000002aaf6afe150 12938       1       org.eclipse.jdt.core.search.SearchDocument::setParser (6 bytes)
Event: 28.953 Thread 0x000002aaf6afe150 nmethod 12938 0x000002aa883b5390 code [0x000002aa883b5520, 0x000002aa883b5600]
Event: 28.954 Thread 0x000002aadda2d910 nmethod 12929 0x000002aa883b5690 code [0x000002aa883b5880, 0x000002aa883b5e08]
Event: 28.954 Thread 0x000002aadda2d910 12941       4       java.text.MessageFormat::applyPattern (422 bytes)
Event: 28.954 Thread 0x000002aaf6afe150 12942   !   3       java.io.FileOutputStream::close (69 bytes)
Event: 28.955 Thread 0x000002aaf6afe150 nmethod 12942 0x000002aa81acc890 code [0x000002aa81acca80, 0x000002aa81accf78]
Event: 28.959 Thread 0x000002aaf6afe150 12943       1       java.lang.invoke.MethodHandle::isVarargsCollector (2 bytes)
Event: 28.960 Thread 0x000002aaf6afe150 nmethod 12943 0x000002aa883b6110 code [0x000002aa883b62a0, 0x000002aa883b6368]
Event: 28.964 Thread 0x000002aad7623e80 nmethod 12935 0x000002aa883b6410 code [0x000002aa883b6660, 0x000002aa883b7020]

GC Heap History (20 events):
Event: 28.476 GC heap before
{Heap before GC invocations=780 (full 3):
 PSYoungGen      total 1536K, used 1359K [0x00000000d5580000, 0x00000000d5800000, 0x0000000100000000)
  eden space 1024K, 99% used [0x00000000d5580000,0x00000000d567ffd0,0x00000000d5680000)
  from space 512K, 65% used [0x00000000d5780000,0x00000000d57d4010,0x00000000d5800000)
  to   space 512K, 0% used [0x00000000d5700000,0x00000000d5700000,0x00000000d5780000)
 ParOldGen       total 410112K, used 410084K [0x0000000080000000, 0x0000000099080000, 0x00000000d5580000)
  object space 410112K, 99% used [0x0000000080000000,0x00000000990792b8,0x0000000099080000)
 Metaspace       used 68659K, committed 70144K, reserved 1114112K
  class space    used 7321K, committed 8000K, reserved 1048576K
}
Event: 28.478 GC heap after
{Heap after GC invocations=780 (full 3):
 PSYoungGen      total 1536K, used 256K [0x00000000d5580000, 0x00000000d5800000, 0x0000000100000000)
  eden space 1024K, 0% used [0x00000000d5580000,0x00000000d5580000,0x00000000d5680000)
  from space 512K, 50% used [0x00000000d5700000,0x00000000d5740000,0x00000000d5780000)
  to   space 512K, 0% used [0x00000000d5780000,0x00000000d5780000,0x00000000d5800000)
 ParOldGen       total 410624K, used 410164K [0x0000000080000000, 0x0000000099100000, 0x00000000d5580000)
  object space 410624K, 99% used [0x0000000080000000,0x000000009908d2b8,0x0000000099100000)
 Metaspace       used 68659K, committed 70144K, reserved 1114112K
  class space    used 7321K, committed 8000K, reserved 1048576K
}
Event: 28.541 GC heap before
{Heap before GC invocations=781 (full 3):
 PSYoungGen      total 1536K, used 1280K [0x00000000d5580000, 0x00000000d5800000, 0x0000000100000000)
  eden space 1024K, 100% used [0x00000000d5580000,0x00000000d5680000,0x00000000d5680000)
  from space 512K, 50% used [0x00000000d5700000,0x00000000d5740000,0x00000000d5780000)
  to   space 512K, 0% used [0x00000000d5780000,0x00000000d5780000,0x00000000d5800000)
 ParOldGen       total 410624K, used 410164K [0x0000000080000000, 0x0000000099100000, 0x00000000d5580000)
  object space 410624K, 99% used [0x0000000080000000,0x000000009908d2b8,0x0000000099100000)
 Metaspace       used 68661K, committed 70144K, reserved 1114112K
  class space    used 7321K, committed 8000K, reserved 1048576K
}
Event: 28.543 GC heap after
{Heap after GC invocations=781 (full 3):
 PSYoungGen      total 1536K, used 480K [0x00000000d5580000, 0x00000000d5880000, 0x0000000100000000)
  eden space 1024K, 0% used [0x00000000d5580000,0x00000000d5580000,0x00000000d5680000)
  from space 512K, 93% used [0x00000000d5780000,0x00000000d57f8000,0x00000000d5800000)
  to   space 1024K, 0% used [0x00000000d5680000,0x00000000d5680000,0x00000000d5780000)
 ParOldGen       total 410624K, used 410284K [0x0000000080000000, 0x0000000099100000, 0x00000000d5580000)
  object space 410624K, 99% used [0x0000000080000000,0x00000000990ab2b8,0x0000000099100000)
 Metaspace       used 68661K, committed 70144K, reserved 1114112K
  class space    used 7321K, committed 8000K, reserved 1048576K
}
Event: 28.570 GC heap before
{Heap before GC invocations=782 (full 3):
 PSYoungGen      total 1536K, used 1504K [0x00000000d5580000, 0x00000000d5880000, 0x0000000100000000)
  eden space 1024K, 100% used [0x00000000d5580000,0x00000000d5680000,0x00000000d5680000)
  from space 512K, 93% used [0x00000000d5780000,0x00000000d57f8000,0x00000000d5800000)
  to   space 1024K, 0% used [0x00000000d5680000,0x00000000d5680000,0x00000000d5780000)
 ParOldGen       total 410624K, used 410284K [0x0000000080000000, 0x0000000099100000, 0x00000000d5580000)
  object space 410624K, 99% used [0x0000000080000000,0x00000000990ab2b8,0x0000000099100000)
 Metaspace       used 68675K, committed 70144K, reserved 1114112K
  class space    used 7321K, committed 8000K, reserved 1048576K
}
Event: 28.573 GC heap after
{Heap after GC invocations=782 (full 3):
 PSYoungGen      total 2048K, used 608K [0x00000000d5580000, 0x00000000d5880000, 0x0000000100000000)
  eden space 1024K, 0% used [0x00000000d5580000,0x00000000d5580000,0x00000000d5680000)
  from space 1024K, 59% used [0x00000000d5680000,0x00000000d5718000,0x00000000d5780000)
  to   space 1024K, 0% used [0x00000000d5780000,0x00000000d5780000,0x00000000d5880000)
 ParOldGen       total 410624K, used 410620K [0x0000000080000000, 0x0000000099100000, 0x00000000d5580000)
  object space 410624K, 99% used [0x0000000080000000,0x00000000990ff2b8,0x0000000099100000)
 Metaspace       used 68675K, committed 70144K, reserved 1114112K
  class space    used 7321K, committed 8000K, reserved 1048576K
}
Event: 28.639 GC heap before
{Heap before GC invocations=783 (full 3):
 PSYoungGen      total 2048K, used 1624K [0x00000000d5580000, 0x00000000d5880000, 0x0000000100000000)
  eden space 1024K, 99% used [0x00000000d5580000,0x00000000d567e200,0x00000000d5680000)
  from space 1024K, 59% used [0x00000000d5680000,0x00000000d5718000,0x00000000d5780000)
  to   space 1024K, 0% used [0x00000000d5780000,0x00000000d5780000,0x00000000d5880000)
 ParOldGen       total 410624K, used 410620K [0x0000000080000000, 0x0000000099100000, 0x00000000d5580000)
  object space 410624K, 99% used [0x0000000080000000,0x00000000990ff2b8,0x0000000099100000)
 Metaspace       used 68703K, committed 70144K, reserved 1114112K
  class space    used 7321K, committed 8000K, reserved 1048576K
}
Event: 28.641 GC heap after
{Heap after GC invocations=783 (full 3):
 PSYoungGen      total 1536K, used 320K [0x00000000d5580000, 0x00000000d5800000, 0x0000000100000000)
  eden space 1024K, 0% used [0x00000000d5580000,0x00000000d5580000,0x00000000d5680000)
  from space 512K, 62% used [0x00000000d5780000,0x00000000d57d0000,0x00000000d5800000)
  to   space 512K, 0% used [0x00000000d5700000,0x00000000d5700000,0x00000000d5780000)
 ParOldGen       total 411648K, used 411148K [0x0000000080000000, 0x0000000099200000, 0x00000000d5580000)
  object space 411648K, 99% used [0x0000000080000000,0x00000000991832b8,0x0000000099200000)
 Metaspace       used 68703K, committed 70144K, reserved 1114112K
  class space    used 7321K, committed 8000K, reserved 1048576K
}
Event: 28.660 GC heap before
{Heap before GC invocations=784 (full 3):
 PSYoungGen      total 1536K, used 1344K [0x00000000d5580000, 0x00000000d5800000, 0x0000000100000000)
  eden space 1024K, 100% used [0x00000000d5580000,0x00000000d5680000,0x00000000d5680000)
  from space 512K, 62% used [0x00000000d5780000,0x00000000d57d0000,0x00000000d5800000)
  to   space 512K, 0% used [0x00000000d5700000,0x00000000d5700000,0x00000000d5780000)
 ParOldGen       total 411648K, used 411148K [0x0000000080000000, 0x0000000099200000, 0x00000000d5580000)
  object space 411648K, 99% used [0x0000000080000000,0x00000000991832b8,0x0000000099200000)
 Metaspace       used 68782K, committed 70272K, reserved 1114112K
  class space    used 7328K, committed 8000K, reserved 1048576K
}
Event: 28.663 GC heap after
{Heap after GC invocations=784 (full 3):
 PSYoungGen      total 1536K, used 448K [0x00000000d5580000, 0x00000000d5800000, 0x0000000100000000)
  eden space 1024K, 0% used [0x00000000d5580000,0x00000000d5580000,0x00000000d5680000)
  from space 512K, 87% used [0x00000000d5700000,0x00000000d5770000,0x00000000d5780000)
  to   space 512K, 0% used [0x00000000d5780000,0x00000000d5780000,0x00000000d5800000)
 ParOldGen       total 411648K, used 411220K [0x0000000080000000, 0x0000000099200000, 0x00000000d5580000)
  object space 411648K, 99% used [0x0000000080000000,0x00000000991952b8,0x0000000099200000)
 Metaspace       used 68782K, committed 70272K, reserved 1114112K
  class space    used 7328K, committed 8000K, reserved 1048576K
}
Event: 28.671 GC heap before
{Heap before GC invocations=785 (full 3):
 PSYoungGen      total 1536K, used 1470K [0x00000000d5580000, 0x00000000d5800000, 0x0000000100000000)
  eden space 1024K, 99% used [0x00000000d5580000,0x00000000d567f9e0,0x00000000d5680000)
  from space 512K, 87% used [0x00000000d5700000,0x00000000d5770000,0x00000000d5780000)
  to   space 512K, 0% used [0x00000000d5780000,0x00000000d5780000,0x00000000d5800000)
 ParOldGen       total 411648K, used 411220K [0x0000000080000000, 0x0000000099200000, 0x00000000d5580000)
  object space 411648K, 99% used [0x0000000080000000,0x00000000991952b8,0x0000000099200000)
 Metaspace       used 68819K, committed 70272K, reserved 1114112K
  class space    used 7330K, committed 8000K, reserved 1048576K
}
Event: 28.674 GC heap after
{Heap after GC invocations=785 (full 3):
 PSYoungGen      total 1536K, used 512K [0x00000000d5580000, 0x00000000d5880000, 0x0000000100000000)
  eden space 1024K, 0% used [0x00000000d5580000,0x00000000d5580000,0x00000000d5680000)
  from space 512K, 100% used [0x00000000d5780000,0x00000000d5800000,0x00000000d5800000)
  to   space 1024K, 0% used [0x00000000d5680000,0x00000000d5680000,0x00000000d5780000)
 ParOldGen       total 411648K, used 411532K [0x0000000080000000, 0x0000000099200000, 0x00000000d5580000)
  object space 411648K, 99% used [0x0000000080000000,0x00000000991e32b8,0x0000000099200000)
 Metaspace       used 68819K, committed 70272K, reserved 1114112K
  class space    used 7330K, committed 8000K, reserved 1048576K
}
Event: 28.685 GC heap before
{Heap before GC invocations=786 (full 3):
 PSYoungGen      total 1536K, used 1536K [0x00000000d5580000, 0x00000000d5880000, 0x0000000100000000)
  eden space 1024K, 100% used [0x00000000d5580000,0x00000000d5680000,0x00000000d5680000)
  from space 512K, 100% used [0x00000000d5780000,0x00000000d5800000,0x00000000d5800000)
  to   space 1024K, 0% used [0x00000000d5680000,0x00000000d5680000,0x00000000d5780000)
 ParOldGen       total 411648K, used 411532K [0x0000000080000000, 0x0000000099200000, 0x00000000d5580000)
  object space 411648K, 99% used [0x0000000080000000,0x00000000991e32b8,0x0000000099200000)
 Metaspace       used 68903K, committed 70400K, reserved 1114112K
  class space    used 7337K, committed 8000K, reserved 1048576K
}
Event: 28.688 GC heap after
{Heap after GC invocations=786 (full 3):
 PSYoungGen      total 2048K, used 416K [0x00000000d5580000, 0x00000000d5880000, 0x0000000100000000)
  eden space 1024K, 0% used [0x00000000d5580000,0x00000000d5580000,0x00000000d5680000)
  from space 1024K, 40% used [0x00000000d5680000,0x00000000d56e8000,0x00000000d5780000)
  to   space 1024K, 0% used [0x00000000d5780000,0x00000000d5780000,0x00000000d5880000)
 ParOldGen       total 412160K, used 412028K [0x0000000080000000, 0x0000000099280000, 0x00000000d5580000)
  object space 412160K, 99% used [0x0000000080000000,0x000000009925f2b8,0x0000000099280000)
 Metaspace       used 68903K, committed 70400K, reserved 1114112K
  class space    used 7337K, committed 8000K, reserved 1048576K
}
Event: 28.721 GC heap before
{Heap before GC invocations=787 (full 3):
 PSYoungGen      total 2048K, used 1440K [0x00000000d5580000, 0x00000000d5880000, 0x0000000100000000)
  eden space 1024K, 100% used [0x00000000d5580000,0x00000000d5680000,0x00000000d5680000)
  from space 1024K, 40% used [0x00000000d5680000,0x00000000d56e8000,0x00000000d5780000)
  to   space 1024K, 0% used [0x00000000d5780000,0x00000000d5780000,0x00000000d5880000)
 ParOldGen       total 412160K, used 412028K [0x0000000080000000, 0x0000000099280000, 0x00000000d5580000)
  object space 412160K, 99% used [0x0000000080000000,0x000000009925f2b8,0x0000000099280000)
 Metaspace       used 69027K, committed 70464K, reserved 1114112K
  class space    used 7353K, committed 8000K, reserved 1048576K
}
Event: 28.724 GC heap after
{Heap after GC invocations=787 (full 3):
 PSYoungGen      total 1536K, used 384K [0x00000000d5580000, 0x00000000d5800000, 0x0000000100000000)
  eden space 1024K, 0% used [0x00000000d5580000,0x00000000d5580000,0x00000000d5680000)
  from space 512K, 75% used [0x00000000d5780000,0x00000000d57e0000,0x00000000d5800000)
  to   space 512K, 0% used [0x00000000d5700000,0x00000000d5700000,0x00000000d5780000)
 ParOldGen       total 412672K, used 412404K [0x0000000080000000, 0x0000000099300000, 0x00000000d5580000)
  object space 412672K, 99% used [0x0000000080000000,0x00000000992bd2b8,0x0000000099300000)
 Metaspace       used 69027K, committed 70464K, reserved 1114112K
  class space    used 7353K, committed 8000K, reserved 1048576K
}
Event: 28.762 GC heap before
{Heap before GC invocations=788 (full 3):
 PSYoungGen      total 1536K, used 1306K [0x00000000d5580000, 0x00000000d5800000, 0x0000000100000000)
  eden space 1024K, 90% used [0x00000000d5580000,0x00000000d5666b50,0x00000000d5680000)
  from space 512K, 75% used [0x00000000d5780000,0x00000000d57e0000,0x00000000d5800000)
  to   space 512K, 0% used [0x00000000d5700000,0x00000000d5700000,0x00000000d5780000)
 ParOldGen       total 412672K, used 412404K [0x0000000080000000, 0x0000000099300000, 0x00000000d5580000)
  object space 412672K, 99% used [0x0000000080000000,0x00000000992bd2b8,0x0000000099300000)
 Metaspace       used 69037K, committed 70464K, reserved 1114112K
  class space    used 7354K, committed 8000K, reserved 1048576K
}
Event: 28.764 GC heap after
{Heap after GC invocations=788 (full 3):
 PSYoungGen      total 1536K, used 288K [0x00000000d5580000, 0x00000000d5800000, 0x0000000100000000)
  eden space 1024K, 0% used [0x00000000d5580000,0x00000000d5580000,0x00000000d5680000)
  from space 512K, 56% used [0x00000000d5700000,0x00000000d5748000,0x00000000d5780000)
  to   space 512K, 0% used [0x00000000d5780000,0x00000000d5780000,0x00000000d5800000)
 ParOldGen       total 412672K, used 412620K [0x0000000080000000, 0x0000000099300000, 0x00000000d5580000)
  object space 412672K, 99% used [0x0000000080000000,0x00000000992f32b8,0x0000000099300000)
 Metaspace       used 69037K, committed 70464K, reserved 1114112K
  class space    used 7354K, committed 8000K, reserved 1048576K
}
Event: 28.949 GC heap before
{Heap before GC invocations=789 (full 3):
 PSYoungGen      total 1536K, used 1312K [0x00000000d5580000, 0x00000000d5800000, 0x0000000100000000)
  eden space 1024K, 100% used [0x00000000d5580000,0x00000000d5680000,0x00000000d5680000)
  from space 512K, 56% used [0x00000000d5700000,0x00000000d5748000,0x00000000d5780000)
  to   space 512K, 0% used [0x00000000d5780000,0x00000000d5780000,0x00000000d5800000)
 ParOldGen       total 412672K, used 412620K [0x0000000080000000, 0x0000000099300000, 0x00000000d5580000)
  object space 412672K, 99% used [0x0000000080000000,0x00000000992f32b8,0x0000000099300000)
 Metaspace       used 69054K, committed 70528K, reserved 1114112K
  class space    used 7356K, committed 8000K, reserved 1048576K
}
Event: 28.951 GC heap after
{Heap after GC invocations=789 (full 3):
 PSYoungGen      total 1536K, used 320K [0x00000000d5580000, 0x00000000d5800000, 0x0000000100000000)
  eden space 1024K, 0% used [0x00000000d5580000,0x00000000d5580000,0x00000000d5680000)
  from space 512K, 62% used [0x00000000d5780000,0x00000000d57d0000,0x00000000d5800000)
  to   space 512K, 0% used [0x00000000d5700000,0x00000000d5700000,0x00000000d5780000)
 ParOldGen       total 413184K, used 412796K [0x0000000080000000, 0x0000000099380000, 0x00000000d5580000)
  object space 413184K, 99% used [0x0000000080000000,0x000000009931f2b8,0x0000000099380000)
 Metaspace       used 69054K, committed 70528K, reserved 1114112K
  class space    used 7356K, committed 8000K, reserved 1048576K
}

Dll operation events (20 events):
Event: 0.135 Attempting to load shared library C:\Users\dell\.vscode\extensions\redhat.java-1.56.0-win32-x64\jre\21.0.12.1-win32-x86_64\bin\nio.dll
Event: 0.135 Loaded shared library C:\Users\dell\.vscode\extensions\redhat.java-1.56.0-win32-x64\jre\21.0.12.1-win32-x86_64\bin\nio.dll
Event: 0.138 Attempting to load shared library C:\Users\dell\.vscode\extensions\redhat.java-1.56.0-win32-x64\jre\21.0.12.1-win32-x86_64\bin\zip.dll
Event: 0.138 Loaded shared library C:\Users\dell\.vscode\extensions\redhat.java-1.56.0-win32-x64\jre\21.0.12.1-win32-x86_64\bin\zip.dll
Event: 0.156 Attempting to load shared library C:\Users\dell\.vscode\extensions\redhat.java-1.56.0-win32-x64\jre\21.0.12.1-win32-x86_64\bin\jimage.dll
Event: 0.156 Loaded shared library C:\Users\dell\.vscode\extensions\redhat.java-1.56.0-win32-x64\jre\21.0.12.1-win32-x86_64\bin\jimage.dll
Event: 0.234 Attempting to load shared library c:\Users\dell\.vscode\extensions\redhat.java-1.56.0-win32-x64\jre\21.0.12.1-win32-x86_64\bin\verify.dll
Event: 0.235 Loaded shared library c:\Users\dell\.vscode\extensions\redhat.java-1.56.0-win32-x64\jre\21.0.12.1-win32-x86_64\bin\verify.dll
Event: 1.877 Attempting to load shared library C:\Users\dell\AppData\Roaming\Code\User\globalStorage\redhat.java\1.56.0\config_win\org.eclipse.equinox.launcher\org.eclipse.equinox.launcher.win32.win32.x86_64_1.3.100.v20260804-1928\eclipse_11924.dll
Event: 1.882 Loaded shared library C:\Users\dell\AppData\Roaming\Code\User\globalStorage\redhat.java\1.56.0\config_win\org.eclipse.equinox.launcher\org.eclipse.equinox.launcher.win32.win32.x86_64_1.3.100.v20260804-1928\eclipse_11924.dll
Event: 5.018 Attempting to load shared library C:\Users\dell\.vscode\extensions\redhat.java-1.56.0-win32-x64\jre\21.0.12.1-win32-x86_64\bin\management.dll
Event: 5.019 Loaded shared library C:\Users\dell\.vscode\extensions\redhat.java-1.56.0-win32-x64\jre\21.0.12.1-win32-x86_64\bin\management.dll
Event: 5.022 Attempting to load shared library C:\Users\dell\.vscode\extensions\redhat.java-1.56.0-win32-x64\jre\21.0.12.1-win32-x86_64\bin\management_ext.dll
Event: 5.024 Loaded shared library C:\Users\dell\.vscode\extensions\redhat.java-1.56.0-win32-x64\jre\21.0.12.1-win32-x86_64\bin\management_ext.dll
Event: 7.043 Attempting to load shared library C:\Users\dell\AppData\Local\Temp\jna-3079617\jna18028316829134983366.dll
Event: 7.164 Loaded shared library C:\Users\dell\AppData\Local\Temp\jna-3079617\jna18028316829134983366.dll
Event: 7.390 Attempting to load shared library C:\Users\dell\.vscode\extensions\redhat.java-1.56.0-win32-x64\jre\21.0.12.1-win32-x86_64\bin\sunmscapi.dll
Event: 7.395 Loaded shared library C:\Users\dell\.vscode\extensions\redhat.java-1.56.0-win32-x64\jre\21.0.12.1-win32-x86_64\bin\sunmscapi.dll
Event: 7.877 Attempting to load shared library C:\Users\dell\.vscode\extensions\redhat.java-1.56.0-win32-x64\jre\21.0.12.1-win32-x86_64\bin\extnet.dll
Event: 7.878 Loaded shared library C:\Users\dell\.vscode\extensions\redhat.java-1.56.0-win32-x64\jre\21.0.12.1-win32-x86_64\bin\extnet.dll

Deoptimization events (20 events):
Event: 28.943 Thread 0x000002aad69fe870 Uncommon trap: trap_request=0xffffffc6 fr.pc=0x000002aa88171af4 relative=0x0000000000000454
Event: 28.943 Thread 0x000002aad69fe870 Uncommon trap: reason=bimorphic_or_optimized_type_check action=maybe_recompile pc=0x000002aa88171af4 method=org.eclipse.jdt.internal.core.search.processing.JobManager$$Lambda/0x000002aa906b17e8.test(Ljava/lang/Object;)Z @ 8 c2
Event: 28.943 Thread 0x000002aad69fe870 DEOPT PACKING pc=0x000002aa88171af4 sp=0x000000e61f7fef60
Event: 28.943 Thread 0x000002aad69fe870 DEOPT UNPACKING pc=0x000002aa87583aa2 sp=0x000000e61f7feef8 mode 2
Event: 28.943 Thread 0x000002aad69fe870 Uncommon trap: trap_request=0xffffffc6 fr.pc=0x000002aa88171af4 relative=0x0000000000000454
Event: 28.943 Thread 0x000002aad69fe870 Uncommon trap: reason=bimorphic_or_optimized_type_check action=maybe_recompile pc=0x000002aa88171af4 method=org.eclipse.jdt.internal.core.search.processing.JobManager$$Lambda/0x000002aa906b17e8.test(Ljava/lang/Object;)Z @ 8 c2
Event: 28.943 Thread 0x000002aad69fe870 DEOPT PACKING pc=0x000002aa88171af4 sp=0x000000e61f7fef60
Event: 28.943 Thread 0x000002aad69fe870 DEOPT UNPACKING pc=0x000002aa87583aa2 sp=0x000000e61f7feef8 mode 2
Event: 28.943 Thread 0x000002aad69fe870 Uncommon trap: trap_request=0xffffffc6 fr.pc=0x000002aa88171af4 relative=0x0000000000000454
Event: 28.943 Thread 0x000002aad69fe870 Uncommon trap: reason=bimorphic_or_optimized_type_check action=maybe_recompile pc=0x000002aa88171af4 method=org.eclipse.jdt.internal.core.search.processing.JobManager$$Lambda/0x000002aa906b17e8.test(Ljava/lang/Object;)Z @ 8 c2
Event: 28.943 Thread 0x000002aad69fe870 DEOPT PACKING pc=0x000002aa88171af4 sp=0x000000e61f7fef60
Event: 28.943 Thread 0x000002aad69fe870 DEOPT UNPACKING pc=0x000002aa87583aa2 sp=0x000000e61f7feef8 mode 2
Event: 28.943 Thread 0x000002aad69fe870 Uncommon trap: trap_request=0xffffffc6 fr.pc=0x000002aa88171af4 relative=0x0000000000000454
Event: 28.943 Thread 0x000002aad69fe870 Uncommon trap: reason=bimorphic_or_optimized_type_check action=maybe_recompile pc=0x000002aa88171af4 method=org.eclipse.jdt.internal.core.search.processing.JobManager$$Lambda/0x000002aa906b17e8.test(Ljava/lang/Object;)Z @ 8 c2
Event: 28.943 Thread 0x000002aad69fe870 DEOPT PACKING pc=0x000002aa88171af4 sp=0x000000e61f7fef60
Event: 28.943 Thread 0x000002aad69fe870 DEOPT UNPACKING pc=0x000002aa87583aa2 sp=0x000000e61f7feef8 mode 2
Event: 28.960 Thread 0x000002aad69fe870 Uncommon trap: trap_request=0xffffff45 fr.pc=0x000002aa880e2190 relative=0x0000000000000530
Event: 28.960 Thread 0x000002aad69fe870 Uncommon trap: reason=unstable_if action=reinterpret pc=0x000002aa880e2190 method=org.eclipse.jdt.internal.core.search.JavaSearchParticipant.indexDocument(Lorg/eclipse/jdt/core/search/SearchDocument;Lorg/eclipse/core/runtime/IPath;)V @ 51 c2
Event: 28.960 Thread 0x000002aad69fe870 DEOPT PACKING pc=0x000002aa880e2190 sp=0x000000e61f7ff220
Event: 28.960 Thread 0x000002aad69fe870 DEOPT UNPACKING pc=0x000002aa87583aa2 sp=0x000000e61f7ff188 mode 2

Classes loaded (20 events):
Event: 26.280 Loading class java/util/stream/ReferencePipeline$4
Event: 26.281 Loading class java/util/stream/ReferencePipeline$4 done
Event: 26.281 Loading class java/util/stream/Nodes$IntFixedNodeBuilder
Event: 26.282 Loading class java/util/stream/Node$Builder$OfInt
Event: 26.282 Loading class java/util/stream/Node$Builder$OfInt done
Event: 26.282 Loading class java/util/stream/Nodes$IntArrayNode
Event: 26.282 Loading class java/util/stream/Nodes$IntArrayNode done
Event: 26.282 Loading class java/util/stream/Nodes$IntFixedNodeBuilder done
Event: 26.283 Loading class java/util/stream/ReferencePipeline$4$1
Event: 26.283 Loading class java/util/stream/ReferencePipeline$4$1 done
Event: 28.345 Loading class java/nio/file/attribute/UserPrincipal
Event: 28.345 Loading class java/nio/file/attribute/UserPrincipal done
Event: 28.346 Loading class java/nio/file/WatchService
Event: 28.346 Loading class java/nio/file/WatchService done
Event: 28.346 Loading class java/nio/file/WatchEvent$Kind
Event: 28.346 Loading class java/nio/file/WatchEvent$Kind done
Event: 28.346 Loading class java/nio/file/WatchEvent$Modifier
Event: 28.346 Loading class java/nio/file/WatchEvent$Modifier done
Event: 28.346 Loading class java/nio/file/WatchKey
Event: 28.346 Loading class java/nio/file/WatchKey done

Classes unloaded (11 events):
Event: 5.852 Thread 0x000002aaff7514a0 Unloading class 0x000002aa901ab400 'java/lang/invoke/LambdaForm$MH+0x000002aa901ab400'
Event: 5.852 Thread 0x000002aaff7514a0 Unloading class 0x000002aa901ab000 'java/lang/invoke/LambdaForm$MH+0x000002aa901ab000'
Event: 5.852 Thread 0x000002aaff7514a0 Unloading class 0x000002aa901aac00 'java/lang/invoke/LambdaForm$MH+0x000002aa901aac00'
Event: 5.852 Thread 0x000002aaff7514a0 Unloading class 0x000002aa901aa800 'java/lang/invoke/LambdaForm$MH+0x000002aa901aa800'
Event: 5.852 Thread 0x000002aaff7514a0 Unloading class 0x000002aa901aa400 'java/lang/invoke/LambdaForm$BMH+0x000002aa901aa400'
Event: 5.852 Thread 0x000002aaff7514a0 Unloading class 0x000002aa901aa000 'java/lang/invoke/LambdaForm$DMH+0x000002aa901aa000'
Event: 5.852 Thread 0x000002aaff7514a0 Unloading class 0x000002aa901a8c00 'java/lang/invoke/LambdaForm$DMH+0x000002aa901a8c00'
Event: 20.446 Thread 0x000002aaff7514a0 Unloading class 0x000002aa90685000 'java/lang/invoke/LambdaForm$DMH+0x000002aa90685000'
Event: 20.446 Thread 0x000002aaff7514a0 Unloading class 0x000002aa90684c00 'java/lang/invoke/LambdaForm$DMH+0x000002aa90684c00'
Event: 20.446 Thread 0x000002aaff7514a0 Unloading class 0x000002aa90684800 'java/lang/invoke/LambdaForm$DMH+0x000002aa90684800'
Event: 20.446 Thread 0x000002aaff7514a0 Unloading class 0x000002aa90684400 'java/lang/invoke/LambdaForm$DMH+0x000002aa90684400'

Classes redefined (0 events):
No events

Internal exceptions (20 events):
Event: 28.698 Thread 0x000002aad56200b0 Exception <a 'sun/nio/fs/WindowsException'{0x00000000d55df510}> (0x00000000d55df510) 
thrown [s\src\hotspot\share\prims\jni.cpp, line 520]
Event: 28.698 Thread 0x000002aad56200b0 Exception <a 'sun/nio/fs/WindowsException'{0x00000000d55e0ae8}> (0x00000000d55e0ae8) 
thrown [s\src\hotspot\share\prims\jni.cpp, line 520]
Event: 28.699 Thread 0x000002aad56200b0 Exception <a 'sun/nio/fs/WindowsException'{0x00000000d55e1350}> (0x00000000d55e1350) 
thrown [s\src\hotspot\share\prims\jni.cpp, line 520]
Event: 28.707 Thread 0x000002aad56200b0 Exception <a 'sun/nio/fs/WindowsException'{0x00000000d562a8d0}> (0x00000000d562a8d0) 
thrown [s\src\hotspot\share\prims\jni.cpp, line 520]
Event: 28.708 Thread 0x000002aad56200b0 Exception <a 'sun/nio/fs/WindowsException'{0x00000000d562b138}> (0x00000000d562b138) 
thrown [s\src\hotspot\share\prims\jni.cpp, line 520]
Event: 28.708 Thread 0x000002aad56200b0 Exception <a 'sun/nio/fs/WindowsException'{0x00000000d562c4d0}> (0x00000000d562c4d0) 
thrown [s\src\hotspot\share\prims\jni.cpp, line 520]
Event: 28.709 Thread 0x000002aad56200b0 Exception <a 'sun/nio/fs/WindowsException'{0x00000000d562cb00}> (0x00000000d562cb00) 
thrown [s\src\hotspot\share\prims\jni.cpp, line 520]
Event: 28.709 Thread 0x000002aad56200b0 Exception <a 'sun/nio/fs/WindowsException'{0x00000000d562de50}> (0x00000000d562de50) 
thrown [s\src\hotspot\share\prims\jni.cpp, line 520]
Event: 28.710 Thread 0x000002aad56200b0 Exception <a 'sun/nio/fs/WindowsException'{0x00000000d562e8f8}> (0x00000000d562e8f8) 
thrown [s\src\hotspot\share\prims\jni.cpp, line 520]
Event: 28.728 Thread 0x000002aad56200b0 Exception <a 'sun/nio/fs/WindowsException'{0x00000000d55a0a90}> (0x00000000d55a0a90) 
thrown [s\src\hotspot\share\prims\jni.cpp, line 520]
Event: 28.728 Thread 0x000002aad56200b0 Exception <a 'sun/nio/fs/WindowsException'{0x00000000d55a15a8}> (0x00000000d55a15a8) 
thrown [s\src\hotspot\share\prims\jni.cpp, line 520]
Event: 28.729 Thread 0x000002aad56200b0 Exception <a 'sun/nio/fs/WindowsException'{0x00000000d55a2ba0}> (0x00000000d55a2ba0) 
thrown [s\src\hotspot\share\prims\jni.cpp, line 520]
Event: 28.729 Thread 0x000002aad56200b0 Exception <a 'sun/nio/fs/WindowsException'{0x00000000d55a3480}> (0x00000000d55a3480) 
thrown [s\src\hotspot\share\prims\jni.cpp, line 520]
Event: 28.730 Thread 0x000002aad56200b0 Exception <a 'sun/nio/fs/WindowsException'{0x00000000d55a4818}> (0x00000000d55a4818) 
thrown [s\src\hotspot\share\prims\jni.cpp, line 520]
Event: 28.730 Thread 0x000002aad56200b0 Exception <a 'sun/nio/fs/WindowsException'{0x00000000d55a52f0}> (0x00000000d55a52f0) 
thrown [s\src\hotspot\share\prims\jni.cpp, line 520]
Event: 28.731 Thread 0x000002aad56200b0 Exception <a 'sun/nio/fs/WindowsException'{0x00000000d55a62e0}> (0x00000000d55a62e0) 
thrown [s\src\hotspot\share\prims\jni.cpp, line 520]
Event: 28.731 Thread 0x000002aad56200b0 Exception <a 'sun/nio/fs/WindowsException'{0x00000000d55a7088}> (0x00000000d55a7088) 
thrown [s\src\hotspot\share\prims\jni.cpp, line 520]
Event: 28.732 Thread 0x000002aad56200b0 Exception <a 'sun/nio/fs/WindowsException'{0x00000000d55a8440}> (0x00000000d55a8440) 
thrown [s\src\hotspot\share\prims\jni.cpp, line 520]
Event: 28.732 Thread 0x000002aad56200b0 Exception <a 'sun/nio/fs/WindowsException'{0x00000000d55a8d20}> (0x00000000d55a8d20) 
thrown [s\src\hotspot\share\prims\jni.cpp, line 520]
Event: 28.940 Thread 0x000002aad69fe870 Exception <a 'sun/nio/fs/WindowsException'{0x00000000d5619ec0}> (0x00000000d5619ec0) 
thrown [s\src\hotspot\share\prims\jni.cpp, line 520]

ZGC Phase Switch (0 events):
No events

VM Operations (20 events):
Event: 28.570 Executing safepoint VM operation: ParallelGCFailedAllocation (Allocation Failure)
Event: 28.573 Executing safepoint VM operation: ParallelGCFailedAllocation (Allocation Failure) done
Event: 28.629 Executing safepoint VM operation: ParallelGCFailedAllocation (Allocation Failure)
Event: 28.641 Executing safepoint VM operation: ParallelGCFailedAllocation (Allocation Failure) done
Event: 28.660 Executing safepoint VM operation: ParallelGCFailedAllocation (Allocation Failure)
Event: 28.663 Executing safepoint VM operation: ParallelGCFailedAllocation (Allocation Failure) done
Event: 28.671 Executing safepoint VM operation: ParallelGCFailedAllocation (Allocation Failure)
Event: 28.674 Executing safepoint VM operation: ParallelGCFailedAllocation (Allocation Failure) done
Event: 28.685 Executing safepoint VM operation: ParallelGCFailedAllocation (Allocation Failure)
Event: 28.688 Executing safepoint VM operation: ParallelGCFailedAllocation (Allocation Failure) done
Event: 28.721 Executing safepoint VM operation: ParallelGCFailedAllocation (Allocation Failure)
Event: 28.724 Executing safepoint VM operation: ParallelGCFailedAllocation (Allocation Failure) done
Event: 28.762 Executing safepoint VM operation: ParallelGCFailedAllocation (Allocation Failure)
Event: 28.764 Executing safepoint VM operation: ParallelGCFailedAllocation (Allocation Failure) done
Event: 28.949 Executing safepoint VM operation: ParallelGCFailedAllocation (Allocation Failure)
Event: 28.951 Executing safepoint VM operation: ParallelGCFailedAllocation (Allocation Failure) done
Event: 28.963 Executing non-safepoint VM operation: HandshakeAllThreads (Deoptimize)
Event: 28.963 Executing non-safepoint VM operation: HandshakeAllThreads (Deoptimize) done
Event: 28.965 Executing non-safepoint VM operation: HandshakeAllThreads (Deoptimize)
Event: 28.966 Executing non-safepoint VM operation: HandshakeAllThreads (Deoptimize) done

Memory protections (0 events):
No events

Nmethod flushes (20 events):
Event: 20.475 Thread 0x000002aaff7514a0 flushing  nmethod 0x000002aa80827790
Event: 20.475 Thread 0x000002aaff7514a0 flushing  nmethod 0x000002aa80838510
Event: 20.475 Thread 0x000002aaff7514a0 flushing  nmethod 0x000002aa8084c910
Event: 20.475 Thread 0x000002aaff7514a0 flushing  nmethod 0x000002aa8084ea90
Event: 20.475 Thread 0x000002aaff7514a0 flushing  nmethod 0x000002aa80853c10
Event: 20.475 Thread 0x000002aaff7514a0 flushing  nmethod 0x000002aa80853f90
Event: 20.475 Thread 0x000002aaff7514a0 flushing  nmethod 0x000002aa80856e10
Event: 20.475 Thread 0x000002aaff7514a0 flushing  nmethod 0x000002aa80857290
Event: 20.475 Thread 0x000002aaff7514a0 flushing  nmethod 0x000002aa80860190
Event: 20.475 Thread 0x000002aaff7514a0 flushing  nmethod 0x000002aa80860590
Event: 20.475 Thread 0x000002aaff7514a0 flushing  nmethod 0x000002aa80861b90
Event: 20.475 Thread 0x000002aaff7514a0 flushing  nmethod 0x000002aa80862410
Event: 20.475 Thread 0x000002aaff7514a0 flushing  nmethod 0x000002aa80862a10
Event: 20.475 Thread 0x000002aaff7514a0 flushing  nmethod 0x000002aa80862e10
Event: 20.475 Thread 0x000002aaff7514a0 flushing  nmethod 0x000002aa80864390
Event: 20.475 Thread 0x000002aaff7514a0 flushing  nmethod 0x000002aa808a0e10
Event: 20.475 Thread 0x000002aaff7514a0 flushing  nmethod 0x000002aa808a3490
Event: 20.475 Thread 0x000002aaff7514a0 flushing  nmethod 0x000002aa808a3b90
Event: 20.475 Thread 0x000002aaff7514a0 flushing  nmethod 0x000002aa808a3f10
Event: 20.475 Thread 0x000002aaff7514a0 flushing  nmethod 0x000002aa808b0590

Events (20 events):
Event: 23.988 Thread 0x000002aad69fc7a0 Thread added: 0x000002aad5d35050
Event: 23.989 Thread 0x000002aad69fc7a0 Thread added: 0x000002aad5d35d70
Event: 23.994 Thread 0x000002aad69fc7a0 Thread added: 0x000002aad5d36400
Event: 23.994 Thread 0x000002aad5d349c0 Thread added: 0x000002aad5d356e0
Event: 23.994 Thread 0x000002aad5d35050 Thread added: 0x000002aad5d36a90
Event: 24.607 Thread 0x000002aad95e3b90 Thread exited: 0x000002aad95e3b90
Event: 25.334 Thread 0x000002aad7623e80 Thread exited: 0x000002aad7623e80
Event: 25.536 Thread 0x000002aaf6afe150 Thread added: 0x000002aad7623e80
Event: 25.694 Thread 0x000002aaf6afe150 Thread added: 0x000002aadda2d910
Event: 26.022 Thread 0x000002aad69fc7a0 Thread added: 0x000002aad5d34330
Event: 26.074 Thread 0x000002aad69fc7a0 Thread added: 0x000002aad5d391f0
Event: 26.239 Thread 0x000002aad69fc7a0 Thread added: 0x000002aad5d3a5a0
Event: 26.239 Thread 0x000002aad69fc7a0 Thread added: 0x000002aad5d39880
Event: 26.239 Thread 0x000002aad69fc7a0 Thread added: 0x000002aad5d3ac30
Event: 26.240 Thread 0x000002aad69fc7a0 Thread added: 0x000002aad5d37e40
Event: 26.240 Thread 0x000002aad69fc7a0 Thread added: 0x000002aad5d384d0
Event: 26.240 Thread 0x000002aad69fc7a0 Thread added: 0x000002aad5d38b60
Event: 26.240 Thread 0x000002aad69fc7a0 Thread added: 0x000002aad5d39f10
Event: 26.279 Thread 0x000002aad69fc7a0 Thread added: 0x000002aad5ea97d0
Event: 26.300 Thread 0x000002aad69fc7a0 Thread added: 0x000002aad5ea9e60


Dynamic libraries:
0x00007ff6b0600000 - 0x00007ff6b060e000 	c:\Users\dell\.vscode\extensions\redhat.java-1.56.0-win32-x64\jre\21.0.12.1-win32-x86_64\bin\java.exe
0x00007ffd54680000 - 0x00007ffd548e7000 	C:\WINDOWS\SYSTEM32\ntdll.dll
0x00007ffd53520000 - 0x00007ffd535eb000 	C:\WINDOWS\System32\KERNEL32.DLL
0x00007ffd51880000 - 0x00007ffd51c81000 	C:\WINDOWS\System32\KERNELBASE.dll
0x00007ffd51c90000 - 0x00007ffd51ddc000 	C:\WINDOWS\System32\ucrtbase.dll
0x00007ffd2f070000 - 0x00007ffd2f088000 	c:\Users\dell\.vscode\extensions\redhat.java-1.56.0-win32-x64\jre\21.0.12.1-win32-x86_64\bin\jli.dll
0x00007ffd2b870000 - 0x00007ffd2b88e000 	c:\Users\dell\.vscode\extensions\redhat.java-1.56.0-win32-x64\jre\21.0.12.1-win32-x86_64\bin\VCRUNTIME140.dll
0x00007ffd53f20000 - 0x00007ffd540f7000 	C:\WINDOWS\System32\USER32.dll
0x00007ffd520b0000 - 0x00007ffd520d7000 	C:\WINDOWS\System32\win32u.dll
0x00007ffd53460000 - 0x00007ffd5348b000 	C:\WINDOWS\System32\GDI32.dll
0x00007ffd39b70000 - 0x00007ffd39e00000 	C:\WINDOWS\WinSxS\amd64_microsoft.windows.common-controls_6595b64144ccf1df_6.0.26100.9549_none_3e0a0396e3330090\COMCTL32.dll
0x00007ffd51df0000 - 0x00007ffd51f18000 	C:\WINDOWS\System32\gdi32full.dll
0x00007ffd532d0000 - 0x00007ffd53379000 	C:\WINDOWS\System32\msvcrt.dll
0x00007ffd52170000 - 0x00007ffd52213000 	C:\WINDOWS\System32\msvcp_win.dll
0x00007ffd523a0000 - 0x00007ffd523d1000 	C:\WINDOWS\System32\IMM32.DLL
0x00007ffd4b440000 - 0x00007ffd4b44c000 	c:\Users\dell\.vscode\extensions\redhat.java-1.56.0-win32-x64\jre\21.0.12.1-win32-x86_64\bin\vcruntime140_1.dll
0x00007ffd20e00000 - 0x00007ffd20e8d000 	c:\Users\dell\.vscode\extensions\redhat.java-1.56.0-win32-x64\jre\21.0.12.1-win32-x86_64\bin\msvcp140.dll
0x00007ffcaf860000 - 0x00007ffcb0602000 	c:\Users\dell\.vscode\extensions\redhat.java-1.56.0-win32-x64\jre\21.0.12.1-win32-x86_64\bin\server\jvm.dll
0x00007ffd54560000 - 0x00007ffd5461b000 	C:\WINDOWS\System32\ADVAPI32.dll
0x00007ffd53190000 - 0x00007ffd53238000 	C:\WINDOWS\System32\sechost.dll
0x00007ffd54180000 - 0x00007ffd54298000 	C:\WINDOWS\System32\RPCRT4.dll
0x00007ffd53490000 - 0x00007ffd53511000 	C:\WINDOWS\System32\WS2_32.dll
0x00007ffd516d0000 - 0x00007ffd5172e000 	C:\WINDOWS\SYSTEM32\POWRPROF.dll
0x00007ffd48640000 - 0x00007ffd4864b000 	C:\WINDOWS\SYSTEM32\VERSION.dll
0x00007ffd4df30000 - 0x00007ffd4df67000 	C:\WINDOWS\SYSTEM32\WINMM.dll
0x00007ffd516b0000 - 0x00007ffd516c5000 	C:\WINDOWS\SYSTEM32\UMPDC.dll
0x00007ffd504f0000 - 0x00007ffd5050b000 	C:\WINDOWS\SYSTEM32\kernel.appcore.dll
0x00007ffd2b860000 - 0x00007ffd2b86a000 	c:\Users\dell\.vscode\extensions\redhat.java-1.56.0-win32-x64\jre\21.0.12.1-win32-x86_64\bin\jimage.dll
0x00007ffd4ede0000 - 0x00007ffd4f02c000 	C:\WINDOWS\SYSTEM32\DBGHELP.DLL
0x00007ffd52d20000 - 0x00007ffd530aa000 	C:\WINDOWS\System32\combase.dll
0x00007ffd530b0000 - 0x00007ffd53189000 	C:\WINDOWS\System32\OLEAUT32.dll
0x00007ffd3a2c0000 - 0x00007ffd3a2fb000 	C:\WINDOWS\SYSTEM32\dbgcore.DLL
0x00007ffd522e0000 - 0x00007ffd5238c000 	C:\WINDOWS\System32\bcryptPrimitives.dll
0x00007ffd2b720000 - 0x00007ffd2b72f000 	c:\Users\dell\.vscode\extensions\redhat.java-1.56.0-win32-x64\jre\21.0.12.1-win32-x86_64\bin\instrument.dll
0x00007ffd282d0000 - 0x00007ffd282f0000 	c:\Users\dell\.vscode\extensions\redhat.java-1.56.0-win32-x64\jre\21.0.12.1-win32-x86_64\bin\java.dll
0x00007ffd535f0000 - 0x00007ffd53d8c000 	C:\WINDOWS\System32\SHELL32.dll
0x00007ffd4f2a0000 - 0x00007ffd4fb4d000 	C:\WINDOWS\SYSTEM32\windows.storage.dll
0x00007ffd53da0000 - 0x00007ffd53e99000 	C:\WINDOWS\System32\SHCORE.dll
0x00007ffd54110000 - 0x00007ffd54176000 	C:\WINDOWS\System32\shlwapi.dll
0x00007ffd51790000 - 0x00007ffd517b9000 	C:\WINDOWS\SYSTEM32\profapi.dll
0x00007ffd217b0000 - 0x00007ffd217c8000 	c:\Users\dell\.vscode\extensions\redhat.java-1.56.0-win32-x64\jre\21.0.12.1-win32-x86_64\bin\zip.dll
0x00007ffd2b710000 - 0x00007ffd2b720000 	C:\Users\dell\.vscode\extensions\redhat.java-1.56.0-win32-x64\jre\21.0.12.1-win32-x86_64\bin\net.dll
0x00007ffd4d980000 - 0x00007ffd4daaa000 	C:\WINDOWS\SYSTEM32\WINHTTP.dll
0x00007ffd50ae0000 - 0x00007ffd50b4c000 	C:\WINDOWS\system32\mswsock.dll
0x00007ffd20de0000 - 0x00007ffd20df6000 	C:\Users\dell\.vscode\extensions\redhat.java-1.56.0-win32-x64\jre\21.0.12.1-win32-x86_64\bin\nio.dll
0x00007ffd282a0000 - 0x00007ffd282b0000 	c:\Users\dell\.vscode\extensions\redhat.java-1.56.0-win32-x64\jre\21.0.12.1-win32-x86_64\bin\verify.dll
0x00007ffd0ddd0000 - 0x00007ffd0de15000 	C:\Users\dell\AppData\Roaming\Code\User\globalStorage\redhat.java\1.56.0\config_win\org.eclipse.equinox.launcher\org.eclipse.equinox.launcher.win32.win32.x86_64_1.3.100.v20260804-1928\eclipse_11924.dll
0x00007ffd543c0000 - 0x00007ffd5455a000 	C:\WINDOWS\System32\ole32.dll
0x00007ffd20dd0000 - 0x00007ffd20dda000 	C:\Users\dell\.vscode\extensions\redhat.java-1.56.0-win32-x64\jre\21.0.12.1-win32-x86_64\bin\management.dll
0x00007ffd20dc0000 - 0x00007ffd20dcc000 	C:\Users\dell\.vscode\extensions\redhat.java-1.56.0-win32-x64\jre\21.0.12.1-win32-x86_64\bin\management_ext.dll
0x00007ffd54100000 - 0x00007ffd54108000 	C:\WINDOWS\System32\PSAPI.DLL
0x00007ffd50dd0000 - 0x00007ffd50deb000 	C:\WINDOWS\SYSTEM32\CRYPTSP.dll
0x00007ffd50450000 - 0x00007ffd50489000 	C:\WINDOWS\system32\rsaenh.dll
0x00007ffd50b90000 - 0x00007ffd50bc4000 	C:\WINDOWS\SYSTEM32\USERENV.dll
0x00007ffd51760000 - 0x00007ffd5178a000 	C:\WINDOWS\SYSTEM32\bcrypt.dll
0x00007ffd50df0000 - 0x00007ffd50dfc000 	C:\WINDOWS\SYSTEM32\CRYPTBASE.dll
0x00007ffd4fe90000 - 0x00007ffd4fec3000 	C:\WINDOWS\SYSTEM32\IPHLPAPI.DLL
0x00007ffd525c0000 - 0x00007ffd525ca000 	C:\WINDOWS\System32\NSI.dll
0x00007ffd0de60000 - 0x00007ffd0dea9000 	C:\Users\dell\AppData\Local\Temp\jna-3079617\jna18028316829134983366.dll
0x00007ffd48660000 - 0x00007ffd4867e000 	C:\WINDOWS\SYSTEM32\dhcpcsvc6.DLL
0x00007ffd48610000 - 0x00007ffd48635000 	C:\WINDOWS\SYSTEM32\dhcpcsvc.DLL
0x00007ffd20db0000 - 0x00007ffd20dbe000 	C:\Users\dell\.vscode\extensions\redhat.java-1.56.0-win32-x64\jre\21.0.12.1-win32-x86_64\bin\sunmscapi.dll
0x00007ffd51f20000 - 0x00007ffd5209f000 	C:\WINDOWS\System32\CRYPT32.dll
0x00007ffd51030000 - 0x00007ffd51060000 	C:\WINDOWS\SYSTEM32\ncrypt.dll
0x00007ffd50fe0000 - 0x00007ffd5101f000 	C:\WINDOWS\SYSTEM32\NTASN1.dll
0x00007ffd4ff20000 - 0x00007ffd50078000 	C:\WINDOWS\SYSTEM32\DNSAPI.dll
0x00007ffd508a0000 - 0x00007ffd508ad000 	C:\WINDOWS\SYSTEM32\DSPARSE.dll
0x00007ffd48650000 - 0x00007ffd4865b000 	C:\Windows\System32\rasadhlp.dll
0x00007ffd47540000 - 0x00007ffd475c6000 	C:\WINDOWS\System32\fwpuclnt.dll
0x00007ffd20da0000 - 0x00007ffd20da9000 	C:\Users\dell\.vscode\extensions\redhat.java-1.56.0-win32-x64\jre\21.0.12.1-win32-x86_64\bin\extnet.dll

JVMTI agents:
c:\Users\dell\.vscode\extensions\redhat.java-1.56.0-win32-x64\lombok\lombok-1.18.39-4050.jar path:c:\Users\dell\.vscode\extensions\redhat.java-1.56.0-win32-x64\jre\21.0.12.1-win32-x86_64\bin\instrument.dll, loaded, initialized, instrumentlib options:none

dbghelp: loaded successfully - version: 4.0.5 - missing functions: none
symbol engine: initialized successfully - sym options: 0x614 - pdb path: .;c:\Users\dell\.vscode\extensions\redhat.java-1.56.0-win32-x64\jre\21.0.12.1-win32-x86_64\bin;C:\WINDOWS\SYSTEM32;C:\WINDOWS\WinSxS\amd64_microsoft.windows.common-controls_6595b64144ccf1df_6.0.26100.9549_none_3e0a0396e3330090;c:\Users\dell\.vscode\extensions\redhat.java-1.56.0-win32-x64\jre\21.0.12.1-win32-x86_64\bin\server;C:\Users\dell\AppData\Roaming\Code\User\globalStorage\redhat.java\1.56.0\config_win\org.eclipse.equinox.launcher\org.eclipse.equinox.launcher.win32.win32.x86_64_1.3.100.v20260804-1928;C:\Users\dell\AppData\Local\Temp\jna-3079617

VM Arguments:
jvm_args: --add-modules=ALL-SYSTEM --add-opens=java.base/java.util=ALL-UNNAMED --add-opens=java.base/java.lang=ALL-UNNAMED --add-opens=java.base/sun.nio.fs=ALL-UNNAMED -Declipse.application=org.eclipse.jdt.ls.core.id1 -Dosgi.bundles.defaultStartLevel=4 -Declipse.product=org.eclipse.jdt.ls.core.product -Djava.import.generatesMetadataFilesAtProjectRoot=false -Dm2e.project.cache.size=50 -DDetectVMInstallationsJob.disabled=true -Dfile.encoding=utf8 -XX:+UseParallelGC -XX:GCTimeRatio=4 -XX:AdaptiveSizePolicyWeight=90 -Dsun.zip.disableMemoryMapping=true -Xmx2G -Xms100m -Xlog:disable -javaagent:c:\Users\dell\.vscode\extensions\redhat.java-1.56.0-win32-x64\lombok\lombok-1.18.39-4050.jar -XX:+HeapDumpOnOutOfMemoryError -XX:HeapDumpPath=c:\Users\dell\AppData\Roaming\Code\User\workspaceStorage\034b62720de069519e9ab50c464d5e4c\redhat.java -Daether.dependencyCollector.impl=bf 
java_command: c:\Users\dell\.vscode\extensions\redhat.java-1.56.0-win32-x64\server\plugins\org.eclipse.equinox.launcher_1.8.0.v20260804-1928.jar -configuration c:\Users\dell\AppData\Roaming\Code\User\globalStorage\redhat.java\1.56.0\config_win -data c:\Users\dell\AppData\Roaming\Code\User\workspaceStorage\034b62720de069519e9ab50c464d5e4c\redhat.java\jdt_ws --stdio
java_class_path (initial): c:\Users\dell\.vscode\extensions\redhat.java-1.56.0-win32-x64\server\plugins\org.eclipse.equinox.launcher_1.8.0.v20260804-1928.jar
Launcher Type: SUN_STANDARD

[Global flags]
    uintx AdaptiveSizePolicyWeight                 = 90                                        {product} {command line}
     intx CICompilerCount                          = 4                                         {product} {ergonomic}
    uintx GCTimeRatio                              = 4                                         {product} {command line}
     bool HeapDumpOnOutOfMemoryError               = true                                   {manageable} {command line}
    ccstr HeapDumpPath                             = c:\Users\dell\AppData\Roaming\Code\User\workspaceStorage\034b62720de069519e9ab50c464d5e4c\redhat.java         {manageable} {command line}
   size_t InitialHeapSize                          = 104857600                                 {product} {command line}
   size_t MaxHeapSize                              = 2147483648                                {product} {command line}
   size_t MaxNewSize                               = 715653120                                 {product} {ergonomic}
   size_t MinHeapDeltaBytes                        = 524288                                    {product} {ergonomic}
   size_t MinHeapSize                              = 104857600                                 {product} {command line}
   size_t NewSize                                  = 34603008                                  {product} {ergonomic}
    uintx NonNMethodCodeHeapSize                   = 5839372                                {pd product} {ergonomic}
    uintx NonProfiledCodeHeapSize                  = 122909434                              {pd product} {ergonomic}
   size_t OldSize                                  = 70254592                                  {product} {ergonomic}
    uintx ProfiledCodeHeapSize                     = 122909434                              {pd product} {ergonomic}
    uintx ReservedCodeCacheSize                    = 251658240                              {pd product} {ergonomic}
     bool SegmentedCodeCache                       = true                                      {product} {ergonomic}
   size_t SoftMaxHeapSize                          = 2147483648                             {manageable} {ergonomic}
     bool UseCompressedOops                        = true                           {product lp64_product} {ergonomic}
     bool UseLargePagesIndividualAllocation        = false                                  {pd product} {ergonomic}
     bool UseParallelGC                            = true                                      {product} {command line}

Logging:
Log output configuration:
 #0: stdout all=off uptime,level,tags foldmultilines=false
 #1: stderr all=off uptime,level,tags foldmultilines=false

Release file:
JAVA_VERSION="21.0.12.1" 
MODULES="java.base java.compiler java.datatransfer java.xml java.prefs java.desktop java.instrument java.logging java.management java.security.sasl java.naming java.rmi java.management.rmi java.net.http java.scripting java.security.jgss java.transaction.xa java.sql java.sql.rowset java.xml.crypto java.se java.smartcardio jdk.accessibility jdk.internal.jvmstat jdk.attach jdk.charsets jdk.internal.opt jdk.zipfs jdk.compiler jdk.crypto.ec jdk.crypto.cryptoki jdk.crypto.mscapi jdk.dynalink jdk.internal.ed jdk.editpad jdk.hotspot.agent jdk.httpserver jdk.internal.le jdk.internal.vm.ci jdk.internal.vm.compiler jdk.internal.vm.compiler.management jdk.jartool jdk.javadoc jdk.jcmd jdk.management jdk.management.agent jdk.jconsole jdk.jdeps jdk.jdwp.agent jdk.jdi jdk.jfr jdk.jshell jdk.jsobject jdk.jstatd jdk.localedata jdk.management.jfr jdk.naming.dns jdk.naming.rmi jdk.net jdk.nio.mapmode jdk.random jdk.sctp jdk.security.auth jdk.security.jgss jdk.unsupported jdk.unsupported.desktop jdk.xml.dom" 

Environment Variables:
JAVA_HOME=C:\Program Files\Java\jdk-21
PATH=C:\Program Files\Common Files\Oracle\Java\javapath;C:\Program Files\Microsoft MPI\Bin\;C:\Windows\system32;C:\Windows;C:\Windows\System32\Wbem;C:\Windows\System32\WindowsPowerShell\v1.0\;C:\Windows\System32\OpenSSH\;C:\Program Files (x86)\NVIDIA Corporation\PhysX\Common;C:\WINDOWS\system32;C:\WINDOWS;C:\WINDOWS\System32\Wbem;C:\WINDOWS\System32\WindowsPowerShell\v1.0\;C:\WINDOWS\System32\OpenSSH\;C:\Program Files\Git\cmd;C:\Program Files\NVIDIA Corporation\NVIDIA NvDLISR;C:\Program Files\MongoDB\Server\5.0\bin;C:\Program Files\dotnet\;C:\Program Files\nodejs\;C:\Program Files\MySQL\MySQL Server 8.0\bin;C:\Program Files\Java\jdk-21\bin;C:\Users\dell\Downloads\apache-maven-3.9.6\bin;C:\Program Files (x86)\ZeroTier\One\;C:\WINDOWS\system32;C:\WINDOWS;C:\WINDOWS\System32\Wbem;C:\WINDOWS\System32\WindowsPowerShell\v1.0\;C:\WINDOWS\System32\OpenSSH\;C:\Program Files\WireGuard\;C:\Program Files\Microsoft SQL Server\Client SDK\ODBC\110\Tools\Binn\;C:\Program Files (x86)\Microsoft SQL Server\120\Tools\Binn\;C:\Program Files\Microsoft SQL Server\120\Tools\Binn\;C:\Program Files\Microsoft SQL Server\120\DTS\Binn\;C:\Program Files (x86)\Microsoft SQL Server\120\Tools\Binn\ManagementStudio\;C:\Program Files (x86)\Microsoft SQL Server\120\DTS\Binn\;C:\Users\dell\.local\bin;C:\Users\dell\anaconda3;C:\Users\dell\anaconda3\Library\mingw-w64\bin;C:\Users\dell\anaconda3\Library\usr\bin;C:\Users\dell\anaconda3\Library\bin;C:\Users\dell\anaconda3\Scripts;C:\Program Files\MySQL\MySQL Shell 8.0\bin\;C:\Users\dell\miniconda3;C:\Users\dell\miniconda3\Library\mingw-w64\bin;C:\Users\dell\miniconda3\Library\usr\bin;C:\Users\dell\miniconda3\Library\bin;C:\Users\dell\miniconda3\Scripts;C:\Users\dell\AppData\Local\Programs\Python\Python39\Scripts\;C:\Users\dell\AppData\Local\Programs\Python\Python39\;C:\Users\dell\AppData\Local\Programs\Python\Launcher\;C:\Users\dell\AppData\Local\Microsoft\WindowsApps;C:\Users\dell\AppData\Local\Programs\Microsoft VS Code\bin;C:\Program Files\CodeBlocks\MinGW\bin;C:\Users\dell\AppData\Local\GitHubDesktop\bin;C:\Users\dell\AppData\Roaming\npm;C:\Program Files\Azure Data Studio\bin;C:\Users\dell\Downloads\apache-maven-3.9.6
USERNAME=dell
OS=Windows_NT
PROCESSOR_IDENTIFIER=Intel64 Family 6 Model 158 Stepping 10, GenuineIntel
TMP=C:\Users\dell\AppData\Local\Temp
TEMP=C:\Users\dell\AppData\Local\Temp




Periodic native trim disabled

---------------  S Y S T E M  ---------------

OS:
 Windows 11 , 64 bit Build 26100 (10.0.26100.9549)
OS uptime: 0 days 2:02 hours
Hyper-V role detected

CPU: total 12 (initial active 12) (6 cores per cpu, 2 threads per core) family 6 model 158 stepping 10 microcode 0xf0, cx8, cmov, fxsr, ht, mmx, 3dnowpref, sse, sse2, sse3, ssse3, sse4.1, sse4.2, popcnt, lzcnt, tsc, tscinvbit, avx, avx2, aes, erms, clmul, bmi1, bmi2, adx, fma, vzeroupper, clflush, clflushopt, hv, rdtscp, f16c
Processor Information for the first 12 processors :
  Max Mhz: 2208, Current Mhz: 2208, Mhz Limit: 2208

Memory: 4k page, system-wide physical 16176M (2199M free)
TotalPageFile size 18224M (AvailPageFile size 24M)
current process WorkingSet (physical memory assigned to process): 718M, peak: 718M
current process commit charge ("private bytes"): 741M, peak: 742M

vm_info: OpenJDK 64-Bit Server VM (21.0.12.1+1-LTS) for windows-amd64 JRE (21.0.12.1+1-LTS), built on 2026-08-18T00:00:00Z by "admin" with MS VC++ 17.12 (VS2022)

END.
