#
# There is insufficient memory for the Java Runtime Environment to continue.
# Native memory allocation (malloc) failed to allocate 108496 bytes. Error detail: Chunk::new
# Possible reasons:
#   The system is out of physical RAM or swap space
#   This process is running with CompressedOops enabled, and the Java Heap may be blocking the growth of the native heap
# Possible solutions:
#   Reduce memory load on the system
#   Increase physical memory or swap space
#   Check if swap backing store is full
#   Decrease Java heap size (-Xmx/-Xms)
#   Decrease number of Java threads
#   Decrease Java thread stack sizes (-Xss)
#   Set larger code cache with -XX:ReservedCodeCacheSize=
#   JVM is running with Unscaled Compressed Oops mode in which the Java heap is
#     placed in the first 4GB address space. The Java Heap base address is the
#     maximum limit for the native heap growth. Please use -XX:HeapBaseMinAddress
#     to set the Java Heap base and to place the Java Heap above 4GB virtual address.
# This output file may be truncated or incomplete.
#
#  Out of Memory Error (arena.cpp:168), pid=19536, tid=22592
#
# JRE version: OpenJDK Runtime Environment Temurin-21.0.12.1+1 (21.0.12.1+1) (build 21.0.12.1+1-LTS)
# Java VM: OpenJDK 64-Bit Server VM Temurin-21.0.12.1+1 (21.0.12.1+1-LTS, mixed mode, sharing, tiered, compressed oops, compressed class ptrs, parallel gc, windows-amd64)
# No core dump will be written. Minidumps are not enabled by default on client versions of Windows
#

---------------  S U M M A R Y ------------

Command Line: --add-modules=ALL-SYSTEM --add-opens=java.base/java.util=ALL-UNNAMED --add-opens=java.base/java.lang=ALL-UNNAMED --add-opens=java.base/sun.nio.fs=ALL-UNNAMED -Declipse.application=org.eclipse.jdt.ls.core.id1 -Dosgi.bundles.defaultStartLevel=4 -Declipse.product=org.eclipse.jdt.ls.core.product -Djava.import.generatesMetadataFilesAtProjectRoot=false -Dm2e.project.cache.size=50 -DDetectVMInstallationsJob.disabled=true -Dfile.encoding=utf8 -XX:+UseParallelGC -XX:GCTimeRatio=4 -XX:AdaptiveSizePolicyWeight=90 -Dsun.zip.disableMemoryMapping=true -Xmx2G -Xms100m -Xlog:disable -javaagent:c:\Users\dell\.vscode\extensions\redhat.java-1.56.0-win32-x64\lombok\lombok-1.18.39-4050.jar -XX:+HeapDumpOnOutOfMemoryError -XX:HeapDumpPath=c:\Users\dell\AppData\Roaming\Code\User\workspaceStorage\034b62720de069519e9ab50c464d5e4c\redhat.java -Daether.dependencyCollector.impl=bf c:\Users\dell\.vscode\extensions\redhat.java-1.56.0-win32-x64\server\plugins\org.eclipse.equinox.launcher_1.8.0.v20260804-1928.jar -configuration c:\Users\dell\AppData\Roaming\Code\User\globalStorage\redhat.java\1.56.0\config_win -data c:\Users\dell\AppData\Roaming\Code\User\workspaceStorage\034b62720de069519e9ab50c464d5e4c\redhat.java\jdt_ws --pipe=\\.\pipe\lsp-ff974bc5d195a65bfb1e102958efb128-sock

Host: Intel(R) Core(TM) i7-8750H CPU @ 2.20GHz, 12 cores, 15G,  Windows 11 , 64 bit Build 26100 (10.0.26100.9549)
Time: Sun Oct  4 21:38:35 2026 Nepal Standard Time elapsed time: 0.469291 seconds (0d 0h 0m 0s)

---------------  T H R E A D  ---------------

Current thread (0x00000202d3052210):  JavaThread "C2 CompilerThread0" daemon [_thread_in_native, id=22592, stack(0x000000aa44b00000,0x000000aa44c00000) (1024K)]


Current CompileTask:
C2:469  423       4       lombok.launch.ClassFileMetaData::decodeString (181 bytes)

Stack: [0x000000aa44b00000,0x000000aa44c00000]
Native frames: (J=compiled Java code, j=interpreted, Vv=VM code, C=native code)
V  [jvm.dll+0x6d83e9]
V  [jvm.dll+0x8b5736]
V  [jvm.dll+0x8b7cee]
V  [jvm.dll+0x8b83d3]
V  [jvm.dll+0x284596]
V  [jvm.dll+0xc685d]
V  [jvm.dll+0xc6da1]
V  [jvm.dll+0x2fb5ae]
V  [jvm.dll+0x5fee94]
V  [jvm.dll+0x255d67]
V  [jvm.dll+0x25612d]
V  [jvm.dll+0x24e6a0]
V  [jvm.dll+0x24bbe6]
V  [jvm.dll+0x1cb4ae]
V  [jvm.dll+0x25baad]
V  [jvm.dll+0x25a03a]
V  [jvm.dll+0x3f8aae]
V  [jvm.dll+0x8600cd]
V  [jvm.dll+0x6d6c1d]
C  [ucrtbase.dll+0x2cd30]
C  [KERNEL32.DLL+0x2cdf7]
C  [ntdll.dll+0x7ee4c]


---------------  P R O C E S S  ---------------

Threads class SMR info:
_java_thread_list=0x00000202eb0bf8c0, length=11, elements={
0x00000202d2f9da50, 0x00000202d3040fd0, 0x00000202d3044160, 0x00000202d3048100,
0x00000202d3049d70, 0x00000202d304a9d0, 0x00000202d304d840, 0x00000202d3052210,
0x00000202eadcdb00, 0x00000202eafaa9d0, 0x00000202eadcbfc0
}

Java Threads: ( => current thread )
  0x00000202d2f9da50 JavaThread "main"                              [_thread_in_native, id=21124, stack(0x000000aa44100000,0x000000aa44200000) (1024K)]
  0x00000202d3040fd0 JavaThread "Reference Handler"          daemon [_thread_blocked, id=1724, stack(0x000000aa44500000,0x000000aa44600000) (1024K)]
  0x00000202d3044160 JavaThread "Finalizer"                  daemon [_thread_blocked, id=25272, stack(0x000000aa44600000,0x000000aa44700000) (1024K)]
  0x00000202d3048100 JavaThread "Signal Dispatcher"          daemon [_thread_blocked, id=20556, stack(0x000000aa44700000,0x000000aa44800000) (1024K)]
  0x00000202d3049d70 JavaThread "Attach Listener"            daemon [_thread_blocked, id=10212, stack(0x000000aa44800000,0x000000aa44900000) (1024K)]
  0x00000202d304a9d0 JavaThread "Service Thread"             daemon [_thread_blocked, id=26440, stack(0x000000aa44900000,0x000000aa44a00000) (1024K)]
  0x00000202d304d840 JavaThread "Monitor Deflation Thread"   daemon [_thread_blocked, id=27580, stack(0x000000aa44a00000,0x000000aa44b00000) (1024K)]
=>0x00000202d3052210 JavaThread "C2 CompilerThread0"         daemon [_thread_in_native, id=22592, stack(0x000000aa44b00000,0x000000aa44c00000) (1024K)]
  0x00000202eadcdb00 JavaThread "C1 CompilerThread0"         daemon [_thread_blocked, id=23064, stack(0x000000aa44c00000,0x000000aa44d00000) (1024K)]
  0x00000202eafaa9d0 JavaThread "Common-Cleaner"             daemon [_thread_blocked, id=3352, stack(0x000000aa44d00000,0x000000aa44e00000) (1024K)]
  0x00000202eadcbfc0 JavaThread "C2 CompilerThread1"         daemon [_thread_in_native, id=21896, stack(0x000000aa44e00000,0x000000aa44f00000) (1024K)]
Total: 11

Other Threads:
  0x00000202e9a33c90 VMThread "VM Thread"                           [id=10740, stack(0x000000aa44400000,0x000000aa44500000) (1024K)]
  0x00000202e992ca00 WatcherThread "VM Periodic Task Thread"        [id=14040, stack(0x000000aa44300000,0x000000aa44400000) (1024K)]
  0x00000202d2fbca10 WorkerThread "GC Thread#0"                     [id=24932, stack(0x000000aa44200000,0x000000aa44300000) (1024K)]
Total: 3

Threads with active compile tasks:
C2 CompilerThread0  658  423       4       lombok.launch.ClassFileMetaData::decodeString (181 bytes)
C1 CompilerThread0  659  523       3       java.util.WeakHashMap::hash (28 bytes)
C2 CompilerThread1  659  503 %     4       java.lang.StringLatin1::replace @ 13 (198 bytes)
Total: 3

VM state: not at safepoint (normal execution)

VM Mutex/Monitor currently owned by a thread: None

Heap address: 0x0000000080000000, size: 2048 MB, Compressed Oops mode: 32-bit

CDS archive(s) mapped at: [0x0000020280000000-0x0000020280ba0000-0x0000020280ba0000), size 12189696, SharedBaseAddress: 0x0000020280000000, ArchiveRelocationMode: 1.
Compressed class space mapped at: 0x0000020281000000-0x00000202c1000000, reserved size: 1073741824
Narrow klass base: 0x0000020280000000, Narrow klass shift: 0, Narrow klass range: 0x100000000

GC Precious Log:
 CardTable entry size: 512
 CPUs: 12 total, 12 available
 Memory: 16176M
 Large Page Support: Disabled
 NUMA Support: Disabled
 Compressed Oops: Enabled (32-bit)
 Alignments: Space 512K, Generation 512K, Heap 2M
 Heap Min Capacity: 100M
 Heap Initial Capacity: 100M
 Heap Max Capacity: 2G
 Pre-touch: Disabled
 Parallel Workers: 10

Heap:
 PSYoungGen      total 29696K, used 9171K [0x00000000d5580000, 0x00000000d7680000, 0x0000000100000000)
  eden space 25600K, 35% used [0x00000000d5580000,0x00000000d5e74d48,0x00000000d6e80000)
  from space 4096K, 0% used [0x00000000d7280000,0x00000000d7280000,0x00000000d7680000)
  to   space 4096K, 0% used [0x00000000d6e80000,0x00000000d6e80000,0x00000000d7280000)
 ParOldGen       total 68608K, used 0K [0x0000000080000000, 0x0000000084300000, 0x00000000d5580000)
  object space 68608K, 0% used [0x0000000080000000,0x0000000080000000,0x0000000084300000)
 Metaspace       used 1107K, committed 1344K, reserved 1114112K
  class space    used 100K, committed 192K, reserved 1048576K

Card table byte_map: [0x00000202d2950000,0x00000202d2d60000] _byte_map_base: 0x00000202d2550000

Marking Bits: (ParMarkBitMap*) 0x00007ffcb05244a0
 Begin Bits: [0x00000202e5450000, 0x00000202e7450000)
 End Bits:   [0x00000202e7450000, 0x00000202e9450000)

Polling page: 0x00000202d0e80000

Metaspace:

Usage:
  Non-class:   1007.25 KB used.
      Class:    100.66 KB used.
       Both:      1.08 MB used.

Virtual space:
  Non-class space:       64.00 MB reserved,       1.12 MB (  2%) committed,  1 nodes.
      Class space:        1.00 GB reserved,     192.00 KB ( <1%) committed,  1 nodes.
             Both:        1.06 GB reserved,       1.31 MB ( <1%) committed. 

Chunk freelists:
   Non-Class:  11.67 MB
       Class:  15.67 MB
        Both:  27.34 MB

MaxMetaspaceSize: unlimited
CompressedClassSpaceSize: 1.00 GB
Initial GC threshold: 21.00 MB
Current GC threshold: 21.00 MB
CDS: on
 - commit_granule_bytes: 65536.
 - commit_granule_words: 8192.
 - virtual_space_node_default_size: 8388608.
 - enlarge_chunks_in_place: 1.
 - use_allocation_guard: 0.


Internal statistics:

num_allocs_failed_limit: 0.
num_arena_births: 74.
num_arena_deaths: 0.
num_vsnodes_births: 2.
num_vsnodes_deaths: 0.
num_space_committed: 21.
num_space_uncommitted: 0.
num_chunks_returned_to_freelist: 0.
num_chunks_taken_from_freelist: 96.
num_chunk_merges: 0.
num_chunk_splits: 67.
num_chunks_enlarged: 42.
num_inconsistent_stats: 0.

CodeHeap 'non-profiled nmethods': size=120000Kb used=170Kb max_used=170Kb free=119829Kb
 bounds [0x00000202ddc70000, 0x00000202ddee0000, 0x00000202e51a0000]
CodeHeap 'profiled nmethods': size=120000Kb used=758Kb max_used=758Kb free=119241Kb
 bounds [0x00000202d61a0000, 0x00000202d6410000, 0x00000202dd6d0000]
CodeHeap 'non-nmethods': size=5760Kb used=1148Kb max_used=1165Kb free=4611Kb
 bounds [0x00000202dd6d0000, 0x00000202dd940000, 0x00000202ddc70000]
CodeCache: size=245760Kb, used=2076Kb, max_used=2093Kb, free=243681Kb
 total_blobs=934, nmethods=538, adapters=303, full_count=0
Compilation: enabled, stopped_count=0, restarted_count=0

Compilation events (20 events):
Event: 0.436 Thread 0x00000202eadcdb00 nmethod 420 0x00000202ddc90610 code [0x00000202ddc907a0, 0x00000202ddc90868]
Event: 0.438 Thread 0x00000202d3052210  421 %     4       java.lang.StringLatin1::indexOfChar @ 7 (33 bytes)
Event: 0.443 Thread 0x00000202d3052210 nmethod 421% 0x00000202ddc90910 code [0x00000202ddc90aa0, 0x00000202ddc90cc0]
Event: 0.444 Thread 0x00000202d3052210  422       4       java.lang.String::indexOf (37 bytes)
Event: 0.446 Thread 0x00000202d3052210 nmethod 422 0x00000202ddc90e10 code [0x00000202ddc90fa0, 0x00000202ddc91228]
Event: 0.446 Thread 0x00000202d3052210  424       4       java.lang.StringUTF16::compress (47 bytes)
Event: 0.449 Thread 0x00000202eadcdb00  425       3       java.lang.String::toString (2 bytes)
Event: 0.449 Thread 0x00000202eadcdb00 nmethod 425 0x00000202d6231010 code [0x00000202d62311a0, 0x00000202d62312b0]
Event: 0.451 Thread 0x00000202eadcdb00  426       3       jdk.internal.misc.VM::isBooted (13 bytes)
Event: 0.451 Thread 0x00000202eadcdb00 nmethod 426 0x00000202d6231310 code [0x00000202d62314a0, 0x00000202d62315f0]
Event: 0.455 Thread 0x00000202d3052210 nmethod 424 0x00000202ddc91390 code [0x00000202ddc91520, 0x00000202ddc91758]
Event: 0.455 Thread 0x00000202d3052210  423       4       lombok.launch.ClassFileMetaData::decodeString (181 bytes)
Event: 0.459 Thread 0x00000202eadcdb00  428       3       java.net.URI$Parser::scan (76 bytes)
Event: 0.460 Thread 0x00000202eadcdb00 nmethod 428 0x00000202d6231690 code [0x00000202d62318c0, 0x00000202d6232130]
Event: 0.461 Thread 0x00000202eadcdb00  429       3       java.lang.CharacterData::of (136 bytes)
Event: 0.461 Thread 0x00000202eadcdb00 nmethod 429 0x00000202d6232590 code [0x00000202d62327e0, 0x00000202d6233120]
Event: 0.461 Thread 0x00000202eadcdb00  431       3       java.lang.String::replace (42 bytes)
Event: 0.462 Thread 0x00000202eadcdb00 nmethod 431 0x00000202d6233390 code [0x00000202d6233560, 0x00000202d6233870]
Event: 0.462 Thread 0x00000202eadcdb00  430       1       java.net.URL::getHost (5 bytes)
Event: 0.462 Thread 0x00000202eadcdb00 nmethod 430 0x00000202ddc91810 code [0x00000202ddc919a0, 0x00000202ddc91a68]

GC Heap History (0 events):
No events

Dll operation events (14 events):
Event: 0.028 Attempting to load shared library c:\Users\dell\.vscode\extensions\redhat.java-1.56.0-win32-x64\jre\21.0.12.1-win32-x86_64\bin\java.dll
Event: 0.028 Loaded shared library c:\Users\dell\.vscode\extensions\redhat.java-1.56.0-win32-x64\jre\21.0.12.1-win32-x86_64\bin\java.dll
Event: 0.197 Attempting to load shared library c:\Users\dell\.vscode\extensions\redhat.java-1.56.0-win32-x64\jre\21.0.12.1-win32-x86_64\bin\zip.dll
Event: 0.198 Loaded shared library c:\Users\dell\.vscode\extensions\redhat.java-1.56.0-win32-x64\jre\21.0.12.1-win32-x86_64\bin\zip.dll
Event: 0.246 Attempting to load shared library C:\Users\dell\.vscode\extensions\redhat.java-1.56.0-win32-x64\jre\21.0.12.1-win32-x86_64\bin\instrument.dll
Event: 0.246 Loaded shared library C:\Users\dell\.vscode\extensions\redhat.java-1.56.0-win32-x64\jre\21.0.12.1-win32-x86_64\bin\instrument.dll
Event: 0.254 Attempting to load shared library C:\Users\dell\.vscode\extensions\redhat.java-1.56.0-win32-x64\jre\21.0.12.1-win32-x86_64\bin\net.dll
Event: 0.257 Loaded shared library C:\Users\dell\.vscode\extensions\redhat.java-1.56.0-win32-x64\jre\21.0.12.1-win32-x86_64\bin\net.dll
Event: 0.261 Attempting to load shared library C:\Users\dell\.vscode\extensions\redhat.java-1.56.0-win32-x64\jre\21.0.12.1-win32-x86_64\bin\nio.dll
Event: 0.261 Loaded shared library C:\Users\dell\.vscode\extensions\redhat.java-1.56.0-win32-x64\jre\21.0.12.1-win32-x86_64\bin\nio.dll
Event: 0.268 Attempting to load shared library C:\Users\dell\.vscode\extensions\redhat.java-1.56.0-win32-x64\jre\21.0.12.1-win32-x86_64\bin\zip.dll
Event: 0.268 Loaded shared library C:\Users\dell\.vscode\extensions\redhat.java-1.56.0-win32-x64\jre\21.0.12.1-win32-x86_64\bin\zip.dll
Event: 0.306 Attempting to load shared library C:\Users\dell\.vscode\extensions\redhat.java-1.56.0-win32-x64\jre\21.0.12.1-win32-x86_64\bin\jimage.dll
Event: 0.306 Loaded shared library C:\Users\dell\.vscode\extensions\redhat.java-1.56.0-win32-x64\jre\21.0.12.1-win32-x86_64\bin\jimage.dll

Deoptimization events (18 events):
Event: 0.281 Thread 0x00000202d2f9da50 Uncommon trap: trap_request=0xffffffde fr.pc=0x00000202ddc7fbe8 relative=0x00000000000007c8
Event: 0.281 Thread 0x00000202d2f9da50 Uncommon trap: reason=class_check action=maybe_recompile pc=0x00000202ddc7fbe8 method=java.util.HashMap.putVal(ILjava/lang/Object;Ljava/lang/Object;ZZ)Ljava/lang/Object; @ 152 c2
Event: 0.281 Thread 0x00000202d2f9da50 DEOPT PACKING pc=0x00000202ddc7fbe8 sp=0x000000aa441fdf30
Event: 0.281 Thread 0x00000202d2f9da50 DEOPT UNPACKING pc=0x00000202dd723aa2 sp=0x000000aa441fde90 mode 2
Event: 0.281 Thread 0x00000202d2f9da50 Uncommon trap: trap_request=0xffffffde fr.pc=0x00000202ddc7fbe8 relative=0x00000000000007c8
Event: 0.281 Thread 0x00000202d2f9da50 Uncommon trap: reason=class_check action=maybe_recompile pc=0x00000202ddc7fbe8 method=java.util.HashMap.putVal(ILjava/lang/Object;Ljava/lang/Object;ZZ)Ljava/lang/Object; @ 152 c2
Event: 0.281 Thread 0x00000202d2f9da50 DEOPT PACKING pc=0x00000202ddc7fbe8 sp=0x000000aa441fdf30
Event: 0.281 Thread 0x00000202d2f9da50 DEOPT UNPACKING pc=0x00000202dd723aa2 sp=0x000000aa441fde90 mode 2
Event: 0.317 Thread 0x00000202d2f9da50 DEOPT PACKING pc=0x00000202d61da649 sp=0x000000aa441fdd10
Event: 0.317 Thread 0x00000202d2f9da50 DEOPT UNPACKING pc=0x00000202dd724242 sp=0x000000aa441fd198 mode 0
Event: 0.318 Thread 0x00000202d2f9da50 DEOPT PACKING pc=0x00000202d61da649 sp=0x000000aa441fdd10
Event: 0.319 Thread 0x00000202d2f9da50 DEOPT UNPACKING pc=0x00000202dd724242 sp=0x000000aa441fd198 mode 0
Event: 0.319 Thread 0x00000202d2f9da50 DEOPT PACKING pc=0x00000202d61da649 sp=0x000000aa441fdd10
Event: 0.320 Thread 0x00000202d2f9da50 DEOPT UNPACKING pc=0x00000202dd724242 sp=0x000000aa441fd198 mode 0
Event: 0.321 Thread 0x00000202d2f9da50 DEOPT PACKING pc=0x00000202d61da649 sp=0x000000aa441fdd10
Event: 0.321 Thread 0x00000202d2f9da50 DEOPT UNPACKING pc=0x00000202dd724242 sp=0x000000aa441fd198 mode 0
Event: 0.322 Thread 0x00000202d2f9da50 DEOPT PACKING pc=0x00000202d61da649 sp=0x000000aa441fdd10
Event: 0.322 Thread 0x00000202d2f9da50 DEOPT UNPACKING pc=0x00000202dd724242 sp=0x000000aa441fd198 mode 0

Classes loaded (20 events):
Event: 0.329 Loading class sun/net/www/MessageHeader
Event: 0.330 Loading class sun/net/www/MessageHeader done
Event: 0.330 Loading class sun/net/www/protocol/jar/URLJarFile
Event: 0.330 Loading class sun/net/www/protocol/jar/URLJarFile done
Event: 0.331 Loading class sun/net/www/protocol/jar/URLJarFile$URLJarFileEntry
Event: 0.332 Loading class sun/net/www/protocol/jar/URLJarFile$URLJarFileEntry done
Event: 0.332 Loading class sun/net/www/protocol/jar/JarURLConnection$JarURLInputStream
Event: 0.332 Loading class sun/net/www/protocol/jar/JarURLConnection$JarURLInputStream done
Event: 0.334 Loading class java/lang/AssertionError
Event: 0.334 Loading class java/lang/AssertionError done
Event: 0.340 Loading class sun/net/www/protocol/jrt/Handler
Event: 0.340 Loading class sun/net/www/protocol/jrt/Handler done
Event: 0.370 Loading class jdk/internal/foreign/MemorySessionImpl
Event: 0.370 Loading class java/lang/foreign/MemorySegment$Scope
Event: 0.371 Loading class java/lang/foreign/MemorySegment$Scope done
Event: 0.371 Loading class jdk/internal/foreign/MemorySessionImpl done
Event: 0.376 Loading class sun/invoke/util/ValueConversions$1
Event: 0.376 Loading class sun/invoke/util/ValueConversions$1 done
Event: 0.377 Loading class java/lang/invoke/BoundMethodHandle$Species_LI
Event: 0.377 Loading class java/lang/invoke/BoundMethodHandle$Species_LI done

Classes unloaded (0 events):
No events

Classes redefined (0 events):
No events

Internal exceptions (10 events):
Event: 0.187 Thread 0x00000202d2f9da50 Exception <a 'java/lang/NoSuchMethodError'{0x00000000d57a9748}: 'void java.lang.invoke.DirectMethodHandle$Holder.invokeStatic(java.lang.Object, java.lang.Object, java.lang.Object)'> (0x00000000d57a9748) 
thrown [s\src\hotspot\share\interpreter\linkResolver.cpp, line 773]
Event: 0.294 Thread 0x00000202d2f9da50 Exception <a 'java/lang/NoSuchMethodError'{0x00000000d5912b90}: 'java.lang.Object java.lang.invoke.Invokers$Holder.invokeExact_MT(java.lang.Object, java.lang.Object, java.lang.Object, java.lang.Object, java.lang.Object)'> (0x00000000d5912b90) 
thrown [s\src\hotspot\share\interpreter\linkResolver.cpp, line 773]
Event: 0.377 Thread 0x00000202d2f9da50 Exception <a 'java/lang/NoSuchMethodError'{0x00000000d59cbde0}: 'int java.lang.invoke.DirectMethodHandle$Holder.invokeSpecial(java.lang.Object, java.lang.Object, java.lang.Object, int)'> (0x00000000d59cbde0) 
thrown [s\src\hotspot\share\interpreter\linkResolver.cpp, line 773]
Event: 0.385 Thread 0x00000202d2f9da50 Exception <a 'java/lang/NoSuchMethodError'{0x00000000d59de7c8}: 'java.lang.Object java.lang.invoke.DirectMethodHandle$Holder.invokeStatic(java.lang.Object, java.lang.Object, java.lang.Object, java.lang.Object, int)'> (0x00000000d59de7c8) 
thrown [s\src\hotspot\share\interpreter\linkResolver.cpp, line 773]
Event: 0.391 Thread 0x00000202d2f9da50 Exception <a 'java/lang/NoSuchMethodError'{0x00000000d59e9c70}: 'void java.lang.invoke.DelegatingMethodHandle$Holder.reinvoke_L(java.lang.Object, java.lang.Object, java.lang.Object, int, java.lang.Object)'> (0x00000000d59e9c70) 
thrown [s\src\hotspot\share\interpreter\linkResolver.cpp, line 773]
Event: 0.397 Thread 0x00000202d2f9da50 Exception <a 'java/lang/NoSuchMethodError'{0x00000000d59fa5c0}: 'int java.lang.invoke.DirectMethodHandle$Holder.invokeSpecial(java.lang.Object, java.lang.Object, java.lang.Object)'> (0x00000000d59fa5c0) 
thrown [s\src\hotspot\share\interpreter\linkResolver.cpp, line 773]
Event: 0.401 Thread 0x00000202d2f9da50 Exception <a 'java/lang/NoSuchMethodError'{0x00000000d5a06280}: 'java.lang.Object java.lang.invoke.DirectMethodHandle$Holder.invokeStatic(java.lang.Object, java.lang.Object, int)'> (0x00000000d5a06280) 
thrown [s\src\hotspot\share\interpreter\linkResolver.cpp, line 773]
Event: 0.402 Thread 0x00000202d2f9da50 Exception <a 'java/lang/NoSuchMethodError'{0x00000000d5a0abd0}: 'void java.lang.invoke.DirectMethodHandle$Holder.invokeStatic(java.lang.Object, java.lang.Object, int, java.lang.Object)'> (0x00000000d5a0abd0) 
thrown [s\src\hotspot\share\interpreter\linkResolver.cpp, line 773]
Event: 0.403 Thread 0x00000202d2f9da50 Exception <a 'java/lang/NoSuchMethodError'{0x00000000d5a0e760}: 'void java.lang.invoke.DirectMethodHandle$Holder.invokeSpecial(java.lang.Object, java.lang.Object, java.lang.Object, int, java.lang.Object)'> (0x00000000d5a0e760) 
thrown [s\src\hotspot\share\interpreter\linkResolver.cpp, line 773]
Event: 0.405 Thread 0x00000202d2f9da50 Exception <a 'java/lang/NoSuchMethodError'{0x00000000d5a11bd0}: 'void java.lang.invoke.DelegatingMethodHandle$Holder.delegate(java.lang.Object, java.lang.Object, int, java.lang.Object)'> (0x00000000d5a11bd0) 
thrown [s\src\hotspot\share\interpreter\linkResolver.cpp, line 773]

ZGC Phase Switch (0 events):
No events

VM Operations (4 events):
Event: 0.195 Executing non-safepoint VM operation: HandshakeAllThreads (Deoptimize)
Event: 0.195 Executing non-safepoint VM operation: HandshakeAllThreads (Deoptimize) done
Event: 0.330 Executing non-safepoint VM operation: HandshakeAllThreads (Deoptimize)
Event: 0.330 Executing non-safepoint VM operation: HandshakeAllThreads (Deoptimize) done

Memory protections (0 events):
No events

Nmethod flushes (0 events):
No events

Events (10 events):
Event: 0.052 Thread 0x00000202d2f9da50 Thread added: 0x00000202d2f9da50
Event: 0.084 Thread 0x00000202d2f9da50 Thread added: 0x00000202d3040fd0
Event: 0.084 Thread 0x00000202d2f9da50 Thread added: 0x00000202d3044160
Event: 0.084 Thread 0x00000202d2f9da50 Thread added: 0x00000202d3048100
Event: 0.084 Thread 0x00000202d2f9da50 Thread added: 0x00000202d3049d70
Event: 0.084 Thread 0x00000202d2f9da50 Thread added: 0x00000202d304a9d0
Event: 0.085 Thread 0x00000202d2f9da50 Thread added: 0x00000202d304d840
Event: 0.085 Thread 0x00000202d2f9da50 Thread added: 0x00000202d3052210
Event: 0.087 Thread 0x00000202d2f9da50 Thread added: 0x00000202eadcdb00
Event: 0.249 Thread 0x00000202d2f9da50 Thread added: 0x00000202eafaa9d0


Dynamic libraries:
0x00007ff6b0600000 - 0x00007ff6b060e000 	c:\Users\dell\.vscode\extensions\redhat.java-1.56.0-win32-x64\jre\21.0.12.1-win32-x86_64\bin\java.exe
0x00007ffd54680000 - 0x00007ffd548e7000 	C:\WINDOWS\SYSTEM32\ntdll.dll
0x00007ffd53520000 - 0x00007ffd535eb000 	C:\WINDOWS\System32\KERNEL32.DLL
0x00007ffd51880000 - 0x00007ffd51c81000 	C:\WINDOWS\System32\KERNELBASE.dll
0x00007ffd51c90000 - 0x00007ffd51ddc000 	C:\WINDOWS\System32\ucrtbase.dll
0x00007ffd2b710000 - 0x00007ffd2b728000 	c:\Users\dell\.vscode\extensions\redhat.java-1.56.0-win32-x64\jre\21.0.12.1-win32-x86_64\bin\jli.dll
0x00007ffd282d0000 - 0x00007ffd282ee000 	c:\Users\dell\.vscode\extensions\redhat.java-1.56.0-win32-x64\jre\21.0.12.1-win32-x86_64\bin\VCRUNTIME140.dll
0x00007ffd53f20000 - 0x00007ffd540f7000 	C:\WINDOWS\System32\USER32.dll
0x00007ffd520b0000 - 0x00007ffd520d7000 	C:\WINDOWS\System32\win32u.dll
0x00007ffd53460000 - 0x00007ffd5348b000 	C:\WINDOWS\System32\GDI32.dll
0x00007ffd51df0000 - 0x00007ffd51f18000 	C:\WINDOWS\System32\gdi32full.dll
0x00007ffd39b70000 - 0x00007ffd39e00000 	C:\WINDOWS\WinSxS\amd64_microsoft.windows.common-controls_6595b64144ccf1df_6.0.26100.9549_none_3e0a0396e3330090\COMCTL32.dll
0x00007ffd52170000 - 0x00007ffd52213000 	C:\WINDOWS\System32\msvcp_win.dll
0x00007ffd532d0000 - 0x00007ffd53379000 	C:\WINDOWS\System32\msvcrt.dll
0x00007ffd523a0000 - 0x00007ffd523d1000 	C:\WINDOWS\System32\IMM32.DLL
0x00007ffd4b440000 - 0x00007ffd4b44c000 	c:\Users\dell\.vscode\extensions\redhat.java-1.56.0-win32-x64\jre\21.0.12.1-win32-x86_64\bin\vcruntime140_1.dll
0x00007ffcdf140000 - 0x00007ffcdf1cd000 	c:\Users\dell\.vscode\extensions\redhat.java-1.56.0-win32-x64\jre\21.0.12.1-win32-x86_64\bin\msvcp140.dll
0x00007ffcaf860000 - 0x00007ffcb0602000 	c:\Users\dell\.vscode\extensions\redhat.java-1.56.0-win32-x64\jre\21.0.12.1-win32-x86_64\bin\server\jvm.dll
0x00007ffd54560000 - 0x00007ffd5461b000 	C:\WINDOWS\System32\ADVAPI32.dll
0x00007ffd53190000 - 0x00007ffd53238000 	C:\WINDOWS\System32\sechost.dll
0x00007ffd54180000 - 0x00007ffd54298000 	C:\WINDOWS\System32\RPCRT4.dll
0x00007ffd53490000 - 0x00007ffd53511000 	C:\WINDOWS\System32\WS2_32.dll
0x00007ffd48640000 - 0x00007ffd4864b000 	C:\WINDOWS\SYSTEM32\VERSION.dll
0x00007ffd516d0000 - 0x00007ffd5172e000 	C:\WINDOWS\SYSTEM32\POWRPROF.dll
0x00007ffd4df30000 - 0x00007ffd4df67000 	C:\WINDOWS\SYSTEM32\WINMM.dll
0x00007ffd516b0000 - 0x00007ffd516c5000 	C:\WINDOWS\SYSTEM32\UMPDC.dll
0x00007ffd504f0000 - 0x00007ffd5050b000 	C:\WINDOWS\SYSTEM32\kernel.appcore.dll
0x00007ffd282a0000 - 0x00007ffd282aa000 	c:\Users\dell\.vscode\extensions\redhat.java-1.56.0-win32-x64\jre\21.0.12.1-win32-x86_64\bin\jimage.dll
0x00007ffd4ede0000 - 0x00007ffd4f02c000 	C:\WINDOWS\SYSTEM32\DBGHELP.DLL
0x00007ffd52d20000 - 0x00007ffd530aa000 	C:\WINDOWS\System32\combase.dll
0x00007ffd530b0000 - 0x00007ffd53189000 	C:\WINDOWS\System32\OLEAUT32.dll
0x00007ffd3a2c0000 - 0x00007ffd3a2fb000 	C:\WINDOWS\SYSTEM32\dbgcore.DLL
0x00007ffd522e0000 - 0x00007ffd5238c000 	C:\WINDOWS\System32\bcryptPrimitives.dll
0x00007ffd217c0000 - 0x00007ffd217cf000 	c:\Users\dell\.vscode\extensions\redhat.java-1.56.0-win32-x64\jre\21.0.12.1-win32-x86_64\bin\instrument.dll
0x00007ffd1c370000 - 0x00007ffd1c390000 	c:\Users\dell\.vscode\extensions\redhat.java-1.56.0-win32-x64\jre\21.0.12.1-win32-x86_64\bin\java.dll
0x00007ffd535f0000 - 0x00007ffd53d8c000 	C:\WINDOWS\System32\SHELL32.dll
0x00007ffd4f2a0000 - 0x00007ffd4fb4d000 	C:\WINDOWS\SYSTEM32\windows.storage.dll
0x00007ffd53da0000 - 0x00007ffd53e99000 	C:\WINDOWS\System32\SHCORE.dll
0x00007ffd54110000 - 0x00007ffd54176000 	C:\WINDOWS\System32\shlwapi.dll
0x00007ffd51790000 - 0x00007ffd517b9000 	C:\WINDOWS\SYSTEM32\profapi.dll
0x00007ffd2f070000 - 0x00007ffd2f088000 	c:\Users\dell\.vscode\extensions\redhat.java-1.56.0-win32-x64\jre\21.0.12.1-win32-x86_64\bin\zip.dll
0x00007ffd2b880000 - 0x00007ffd2b890000 	C:\Users\dell\.vscode\extensions\redhat.java-1.56.0-win32-x64\jre\21.0.12.1-win32-x86_64\bin\net.dll
0x00007ffd4d980000 - 0x00007ffd4daaa000 	C:\WINDOWS\SYSTEM32\WINHTTP.dll
0x00007ffd50ae0000 - 0x00007ffd50b4c000 	C:\WINDOWS\system32\mswsock.dll
0x00007ffd20e20000 - 0x00007ffd20e36000 	C:\Users\dell\.vscode\extensions\redhat.java-1.56.0-win32-x64\jre\21.0.12.1-win32-x86_64\bin\nio.dll
0x00007ffd217b0000 - 0x00007ffd217c0000 	c:\Users\dell\.vscode\extensions\redhat.java-1.56.0-win32-x64\jre\21.0.12.1-win32-x86_64\bin\verify.dll

JVMTI agents:
c:\Users\dell\.vscode\extensions\redhat.java-1.56.0-win32-x64\lombok\lombok-1.18.39-4050.jar path:c:\Users\dell\.vscode\extensions\redhat.java-1.56.0-win32-x64\jre\21.0.12.1-win32-x86_64\bin\instrument.dll, loaded, initialized, instrumentlib options:none

dbghelp: loaded successfully - version: 4.0.5 - missing functions: none
symbol engine: initialized successfully - sym options: 0x614 - pdb path: .;c:\Users\dell\.vscode\extensions\redhat.java-1.56.0-win32-x64\jre\21.0.12.1-win32-x86_64\bin;C:\WINDOWS\SYSTEM32;C:\WINDOWS\WinSxS\amd64_microsoft.windows.common-controls_6595b64144ccf1df_6.0.26100.9549_none_3e0a0396e3330090;c:\Users\dell\.vscode\extensions\redhat.java-1.56.0-win32-x64\jre\21.0.12.1-win32-x86_64\bin\server

VM Arguments:
jvm_args: --add-modules=ALL-SYSTEM --add-opens=java.base/java.util=ALL-UNNAMED --add-opens=java.base/java.lang=ALL-UNNAMED --add-opens=java.base/sun.nio.fs=ALL-UNNAMED -Declipse.application=org.eclipse.jdt.ls.core.id1 -Dosgi.bundles.defaultStartLevel=4 -Declipse.product=org.eclipse.jdt.ls.core.product -Djava.import.generatesMetadataFilesAtProjectRoot=false -Dm2e.project.cache.size=50 -DDetectVMInstallationsJob.disabled=true -Dfile.encoding=utf8 -XX:+UseParallelGC -XX:GCTimeRatio=4 -XX:AdaptiveSizePolicyWeight=90 -Dsun.zip.disableMemoryMapping=true -Xmx2G -Xms100m -Xlog:disable -javaagent:c:\Users\dell\.vscode\extensions\redhat.java-1.56.0-win32-x64\lombok\lombok-1.18.39-4050.jar -XX:+HeapDumpOnOutOfMemoryError -XX:HeapDumpPath=c:\Users\dell\AppData\Roaming\Code\User\workspaceStorage\034b62720de069519e9ab50c464d5e4c\redhat.java -Daether.dependencyCollector.impl=bf 
java_command: c:\Users\dell\.vscode\extensions\redhat.java-1.56.0-win32-x64\server\plugins\org.eclipse.equinox.launcher_1.8.0.v20260804-1928.jar -configuration c:\Users\dell\AppData\Roaming\Code\User\globalStorage\redhat.java\1.56.0\config_win -data c:\Users\dell\AppData\Roaming\Code\User\workspaceStorage\034b62720de069519e9ab50c464d5e4c\redhat.java\jdt_ws --pipe=\\.\pipe\lsp-ff974bc5d195a65bfb1e102958efb128-sock
java_class_path (initial): c:\Users\dell\.vscode\extensions\redhat.java-1.56.0-win32-x64\server\plugins\org.eclipse.equinox.launcher_1.8.0.v20260804-1928.jar
Launcher Type: SUN_STANDARD

[Global flags]
    uintx AdaptiveSizePolicyWeight                 = 90                                        {product} {command line}
     intx CICompilerCount                          = 4                                         {product} {ergonomic}
    uintx GCTimeRatio                              = 4                                         {product} {command line}
     bool HeapDumpOnOutOfMemoryError               = true                                   {manageable} {command line}
    ccstr HeapDumpPath                             = c:\Users\dell\AppData\Roaming\Code\User\workspaceStorage\034b62720de069519e9ab50c464d5e4c\redhat.java         {manageable} {command line}
   size_t InitialHeapSize                          = 104857600                                 {product} {command line}
   size_t MaxHeapSize                              = 2147483648                                {product} {command line}
   size_t MaxNewSize                               = 715653120                                 {product} {ergonomic}
   size_t MinHeapDeltaBytes                        = 524288                                    {product} {ergonomic}
   size_t MinHeapSize                              = 104857600                                 {product} {command line}
   size_t NewSize                                  = 34603008                                  {product} {ergonomic}
    uintx NonNMethodCodeHeapSize                   = 5839372                                {pd product} {ergonomic}
    uintx NonProfiledCodeHeapSize                  = 122909434                              {pd product} {ergonomic}
   size_t OldSize                                  = 70254592                                  {product} {ergonomic}
    uintx ProfiledCodeHeapSize                     = 122909434                              {pd product} {ergonomic}
    uintx ReservedCodeCacheSize                    = 251658240                              {pd product} {ergonomic}
     bool SegmentedCodeCache                       = true                                      {product} {ergonomic}
   size_t SoftMaxHeapSize                          = 2147483648                             {manageable} {ergonomic}
     bool UseCompressedOops                        = true                           {product lp64_product} {ergonomic}
     bool UseLargePagesIndividualAllocation        = false                                  {pd product} {ergonomic}
     bool UseParallelGC                            = true                                      {product} {command line}

Logging:
Log output configuration:
 #0: stdout all=off uptime,level,tags foldmultilines=false
 #1: stderr all=off uptime,level,tags foldmultilines=false

Release file:
<release file has not been read>
Environment Variables:
JAVA_HOME=C:\Program Files\Java\jdk-21
PATH=C:\Program Files\Common Files\Oracle\Java\javapath;C:\Program Files\Microsoft MPI\Bin\;C:\Windows\system32;C:\Windows;C:\Windows\System32\Wbem;C:\Windows\System32\WindowsPowerShell\v1.0\;C:\Windows\System32\OpenSSH\;C:\Program Files (x86)\NVIDIA Corporation\PhysX\Common;C:\WINDOWS\system32;C:\WINDOWS;C:\WINDOWS\System32\Wbem;C:\WINDOWS\System32\WindowsPowerShell\v1.0\;C:\WINDOWS\System32\OpenSSH\;C:\Program Files\Git\cmd;C:\Program Files\NVIDIA Corporation\NVIDIA NvDLISR;C:\Program Files\MongoDB\Server\5.0\bin;C:\Program Files\dotnet\;C:\Program Files\nodejs\;C:\Program Files\MySQL\MySQL Server 8.0\bin;C:\Program Files\Java\jdk-21\bin;C:\Users\dell\Downloads\apache-maven-3.9.6\bin;C:\Program Files (x86)\ZeroTier\One\;C:\WINDOWS\system32;C:\WINDOWS;C:\WINDOWS\System32\Wbem;C:\WINDOWS\System32\WindowsPowerShell\v1.0\;C:\WINDOWS\System32\OpenSSH\;C:\Program Files\WireGuard\;C:\Program Files\Microsoft SQL Server\Client SDK\ODBC\110\Tools\Binn\;C:\Program Files (x86)\Microsoft SQL Server\120\Tools\Binn\;C:\Program Files\Microsoft SQL Server\120\Tools\Binn\;C:\Program Files\Microsoft SQL Server\120\DTS\Binn\;C:\Program Files (x86)\Microsoft SQL Server\120\Tools\Binn\ManagementStudio\;C:\Program Files (x86)\Microsoft SQL Server\120\DTS\Binn\;C:\Users\dell\.local\bin;C:\Users\dell\anaconda3;C:\Users\dell\anaconda3\Library\mingw-w64\bin;C:\Users\dell\anaconda3\Library\usr\bin;C:\Users\dell\anaconda3\Library\bin;C:\Users\dell\anaconda3\Scripts;C:\Program Files\MySQL\MySQL Shell 8.0\bin\;C:\Users\dell\miniconda3;C:\Users\dell\miniconda3\Library\mingw-w64\bin;C:\Users\dell\miniconda3\Library\usr\bin;C:\Users\dell\miniconda3\Library\bin;C:\Users\dell\miniconda3\Scripts;C:\Users\dell\AppData\Local\Programs\Python\Python39\Scripts\;C:\Users\dell\AppData\Local\Programs\Python\Python39\;C:\Users\dell\AppData\Local\Programs\Python\Launcher\;C:\Users\dell\AppData\Local\Microsoft\WindowsApps;C:\Users\dell\AppData\Local\Programs\Microsoft VS Code\bin;C:\Program Files\CodeBlocks\MinGW\bin;C:\Users\dell\AppData\Local\GitHubDesktop\bin;C:\Users\dell\AppData\Roaming\npm;C:\Program Files\Azure Data Studio\bin;C:\Users\dell\Downloads\apache-maven-3.9.6
USERNAME=dell
OS=Windows_NT
PROCESSOR_IDENTIFIER=Intel64 Family 6 Model 158 Stepping 10, GenuineIntel
TMP=C:\Users\dell\AppData\Local\Temp
TEMP=C:\Users\dell\AppData\Local\Temp




Periodic native trim disabled

---------------  S Y S T E M  ---------------

OS:
 Windows 11 , 64 bit Build 26100 (10.0.26100.9549)
OS uptime: 0 days 2:02 hours
Hyper-V role detected

CPU: total 12 (initial active 12) (6 cores per cpu, 2 threads per core) family 6 model 158 stepping 10 microcode 0xf0, cx8, cmov, fxsr, ht, mmx, 3dnowpref, sse, sse2, sse3, ssse3, sse4.1, sse4.2, popcnt, lzcnt, tsc, tscinvbit, avx, avx2, aes, erms, clmul, bmi1, bmi2, adx, fma, vzeroupper, clflush, clflushopt, hv, rdtscp, f16c
Processor Information for the first 12 processors :
  Max Mhz: 2208, Current Mhz: 2208, Mhz Limit: 2208

Memory: 4k page, system-wide physical 16176M (2734M free)
TotalPageFile size 18224M (AvailPageFile size 175M)
current process WorkingSet (physical memory assigned to process): 51M, peak: 51M
current process commit charge ("private bytes"): 232M, peak: 232M

vm_info: OpenJDK 64-Bit Server VM (21.0.12.1+1-LTS) for windows-amd64 JRE (21.0.12.1+1-LTS), built on 2026-08-18T00:00:00Z by "admin" with MS VC++ 17.12 (VS2022)

END.
