#
# There is insufficient memory for the Java Runtime Environment to continue.
# Native memory allocation (malloc) failed to allocate 32744 bytes. Error detail: Chunk::new
# Possible reasons:
#   The system is out of physical RAM or swap space
#   This process is running with CompressedOops enabled, and the Java Heap may be blocking the growth of the native heap
# Possible solutions:
#   Reduce memory load on the system
#   Increase physical memory or swap space
#   Check if swap backing store is full
#   Decrease Java heap size (-Xmx/-Xms)
#   Decrease number of Java threads
#   Decrease Java thread stack sizes (-Xss)
#   Set larger code cache with -XX:ReservedCodeCacheSize=
#   JVM is running with Unscaled Compressed Oops mode in which the Java heap is
#     placed in the first 4GB address space. The Java Heap base address is the
#     maximum limit for the native heap growth. Please use -XX:HeapBaseMinAddress
#     to set the Java Heap base and to place the Java Heap above 4GB virtual address.
# This output file may be truncated or incomplete.
#
#  Out of Memory Error (arena.cpp:168), pid=22756, tid=21292
#
# JRE version: OpenJDK Runtime Environment Temurin-21.0.12.1+1 (21.0.12.1+1) (build 21.0.12.1+1-LTS)
# Java VM: OpenJDK 64-Bit Server VM Temurin-21.0.12.1+1 (21.0.12.1+1-LTS, mixed mode, sharing, tiered, compressed oops, compressed class ptrs, parallel gc, windows-amd64)
# No core dump will be written. Minidumps are not enabled by default on client versions of Windows
#

---------------  S U M M A R Y ------------

Command Line: --add-modules=ALL-SYSTEM --add-opens=java.base/java.util=ALL-UNNAMED --add-opens=java.base/java.lang=ALL-UNNAMED --add-opens=java.base/sun.nio.fs=ALL-UNNAMED -Declipse.application=org.eclipse.jdt.ls.core.id1 -Dosgi.bundles.defaultStartLevel=4 -Declipse.product=org.eclipse.jdt.ls.core.product -Djava.import.generatesMetadataFilesAtProjectRoot=false -Dm2e.project.cache.size=50 -DDetectVMInstallationsJob.disabled=true -Dfile.encoding=utf8 -XX:+UseParallelGC -XX:GCTimeRatio=4 -XX:AdaptiveSizePolicyWeight=90 -Dsun.zip.disableMemoryMapping=true -Xmx2G -Xms100m -Xlog:disable -javaagent:c:\Users\dell\.vscode\extensions\redhat.java-1.56.0-win32-x64\lombok\lombok-1.18.39-4050.jar c:\Users\dell\.vscode\extensions\redhat.java-1.56.0-win32-x64\server\plugins\org.eclipse.equinox.launcher_1.8.0.v20260804-1928.jar -configuration c:\Users\dell\AppData\Roaming\Code\User\globalStorage\redhat.java\1.56.0\config_ss_win -data c:\Users\dell\AppData\Roaming\Code\User\workspaceStorage\034b62720de069519e9ab50c464d5e4c\redhat.java\ss_ws --pipe=\\.\pipe\lsp-4c85d697360143bcb760072de55bcd8e-sock

Host: Intel(R) Core(TM) i7-8750H CPU @ 2.20GHz, 12 cores, 15G,  Windows 11 , 64 bit Build 26100 (10.0.26100.9549)
Time: Sun Oct  4 21:38:35 2026 Nepal Standard Time elapsed time: 0.945378 seconds (0d 0h 0m 0s)

---------------  T H R E A D  ---------------

Current thread (0x000002629813aaa0):  JavaThread "C2 CompilerThread1" daemon [_thread_in_native, id=21292, stack(0x000000d0ff100000,0x000000d0ff200000) (1024K)]


Current CompileTask:
C2:945  718       4       java.util.Collections$UnmodifiableCollection::iterator (9 bytes)

Stack: [0x000000d0ff100000,0x000000d0ff200000]
Native frames: (J=compiled Java code, j=interpreted, Vv=VM code, C=native code)
V  [jvm.dll+0x6d83e9]
V  [jvm.dll+0x8b5736]
V  [jvm.dll+0x8b7cee]
V  [jvm.dll+0x8b83d3]
V  [jvm.dll+0x284596]
V  [jvm.dll+0xc685d]
V  [jvm.dll+0xc6da1]
V  [jvm.dll+0x6723e3]
V  [jvm.dll+0x6737a6]
V  [jvm.dll+0x61d428]
V  [jvm.dll+0x61ad73]
V  [jvm.dll+0x61c8d2]
V  [jvm.dll+0x24e832]
V  [jvm.dll+0x24bbe6]
V  [jvm.dll+0x1cb4ae]
V  [jvm.dll+0x25baad]
V  [jvm.dll+0x25a03a]
V  [jvm.dll+0x3f8aae]
V  [jvm.dll+0x8600cd]
V  [jvm.dll+0x6d6c1d]
C  [ucrtbase.dll+0x2cd30]
C  [KERNEL32.DLL+0x2cdf7]
C  [ntdll.dll+0x7ee4c]


---------------  P R O C E S S  ---------------

Threads class SMR info:
_java_thread_list=0x000002629d09f2c0, length=13, elements={
0x000002623f0ad220, 0x000002623f15e800, 0x000002623f041e30, 0x000002623f046760,
0x000002623f048650, 0x000002623f04cbf0, 0x0000026297df87f0, 0x0000026297dfcc20,
0x0000026297dfee00, 0x000002629804ab10, 0x000002629813aaa0, 0x00000262980483b0,
0x00000262981c8130
}

Java Threads: ( => current thread )
  0x000002623f0ad220 JavaThread "main"                              [_thread_in_Java, id=27064, stack(0x000000d0fe400000,0x000000d0fe500000) (1024K)]
  0x000002623f15e800 JavaThread "Reference Handler"          daemon [_thread_blocked, id=4116, stack(0x000000d0fe800000,0x000000d0fe900000) (1024K)]
  0x000002623f041e30 JavaThread "Finalizer"                  daemon [_thread_blocked, id=8800, stack(0x000000d0fe900000,0x000000d0fea00000) (1024K)]
  0x000002623f046760 JavaThread "Signal Dispatcher"          daemon [_thread_blocked, id=25352, stack(0x000000d0fea00000,0x000000d0feb00000) (1024K)]
  0x000002623f048650 JavaThread "Attach Listener"            daemon [_thread_blocked, id=22888, stack(0x000000d0feb00000,0x000000d0fec00000) (1024K)]
  0x000002623f04cbf0 JavaThread "Service Thread"             daemon [_thread_blocked, id=24972, stack(0x000000d0fec00000,0x000000d0fed00000) (1024K)]
  0x0000026297df87f0 JavaThread "Monitor Deflation Thread"   daemon [_thread_blocked, id=17724, stack(0x000000d0fed00000,0x000000d0fee00000) (1024K)]
  0x0000026297dfcc20 JavaThread "C2 CompilerThread0"         daemon [_thread_in_native, id=22720, stack(0x000000d0fee00000,0x000000d0fef00000) (1024K)]
  0x0000026297dfee00 JavaThread "C1 CompilerThread0"         daemon [_thread_in_native, id=14704, stack(0x000000d0fef00000,0x000000d0ff000000) (1024K)]
  0x000002629804ab10 JavaThread "Common-Cleaner"             daemon [_thread_blocked, id=19156, stack(0x000000d0ff000000,0x000000d0ff100000) (1024K)]
=>0x000002629813aaa0 JavaThread "C2 CompilerThread1"         daemon [_thread_in_native, id=21292, stack(0x000000d0ff100000,0x000000d0ff200000) (1024K)]
  0x00000262980483b0 JavaThread "Notification Thread"        daemon [_thread_blocked, id=12496, stack(0x000000d0ff200000,0x000000d0ff300000) (1024K)]
  0x00000262981c8130 JavaThread "C2 CompilerThread2"         daemon [_thread_in_native, id=27280, stack(0x000000d0ff300000,0x000000d0ff400000) (1024K)]
Total: 13

Other Threads:
  0x000002623f0333e0 VMThread "VM Thread"                           [id=27068, stack(0x000000d0fe700000,0x000000d0fe800000) (1024K)]
  0x000002623ef2ca00 WatcherThread "VM Periodic Task Thread"        [id=26088, stack(0x000000d0fe600000,0x000000d0fe700000) (1024K)]
  0x000002623f0cc3e0 WorkerThread "GC Thread#0"                     [id=26072, stack(0x000000d0fe500000,0x000000d0fe600000) (1024K)]
Total: 3

Threads with active compile tasks:
C2 CompilerThread0  1140  678       4       lombok.patcher.scripts.MethodLevelPatchScript::patch (21 bytes)
C2 CompilerThread1  1140  718       4       java.util.Collections$UnmodifiableCollection::iterator (9 bytes)
C2 CompilerThread2  1141  665       4       lombok.patcher.PatchScript::classMatches (41 bytes)
Total: 3

VM state: not at safepoint (normal execution)

VM Mutex/Monitor currently owned by a thread: None

Heap address: 0x0000000080000000, size: 2048 MB, Compressed Oops mode: 32-bit

CDS archive(s) mapped at: [0x0000026256000000-0x0000026256ba0000-0x0000026256ba0000), size 12189696, SharedBaseAddress: 0x0000026256000000, ArchiveRelocationMode: 1.
Compressed class space mapped at: 0x0000026257000000-0x0000026297000000, reserved size: 1073741824
Narrow klass base: 0x0000026256000000, Narrow klass shift: 0, Narrow klass range: 0x100000000

GC Precious Log:
 CardTable entry size: 512
 CPUs: 12 total, 12 available
 Memory: 16176M
 Large Page Support: Disabled
 NUMA Support: Disabled
 Compressed Oops: Enabled (32-bit)
 Alignments: Space 512K, Generation 512K, Heap 2M
 Heap Min Capacity: 100M
 Heap Initial Capacity: 100M
 Heap Max Capacity: 2G
 Pre-touch: Disabled
 Parallel Workers: 10

Heap:
 PSYoungGen      total 29696K, used 20192K [0x00000000d5580000, 0x00000000d7680000, 0x0000000100000000)
  eden space 25600K, 78% used [0x00000000d5580000,0x00000000d6938128,0x00000000d6e80000)
  from space 4096K, 0% used [0x00000000d7280000,0x00000000d7280000,0x00000000d7680000)
  to   space 4096K, 0% used [0x00000000d6e80000,0x00000000d6e80000,0x00000000d7280000)
 ParOldGen       total 68608K, used 0K [0x0000000080000000, 0x0000000084300000, 0x00000000d5580000)
  object space 68608K, 0% used [0x0000000080000000,0x0000000080000000,0x0000000084300000)
 Metaspace       used 3613K, committed 3840K, reserved 1114112K
  class space    used 395K, committed 512K, reserved 1048576K

Card table byte_map: [0x000002623ea40000,0x000002623ee50000] _byte_map_base: 0x000002623e640000

Marking Bits: (ParMarkBitMap*) 0x00007ffcb05244a0
 Begin Bits: [0x0000026251550000, 0x0000026253550000)
 End Bits:   [0x0000026253550000, 0x0000026255550000)

Polling page: 0x000002623cf20000

Metaspace:

Usage:
  Non-class:      3.14 MB used.
      Class:    395.73 KB used.
       Both:      3.53 MB used.

Virtual space:
  Non-class space:       64.00 MB reserved,       3.25 MB (  5%) committed,  1 nodes.
      Class space:        1.00 GB reserved,     512.00 KB ( <1%) committed,  1 nodes.
             Both:        1.06 GB reserved,       3.75 MB ( <1%) committed. 

Chunk freelists:
   Non-Class:  11.45 MB
       Class:  15.47 MB
        Both:  26.93 MB

MaxMetaspaceSize: unlimited
CompressedClassSpaceSize: 1.00 GB
Initial GC threshold: 21.00 MB
Current GC threshold: 21.00 MB
CDS: on
 - commit_granule_bytes: 65536.
 - commit_granule_words: 8192.
 - virtual_space_node_default_size: 8388608.
 - enlarge_chunks_in_place: 1.
 - use_allocation_guard: 0.


Internal statistics:

num_allocs_failed_limit: 0.
num_arena_births: 170.
num_arena_deaths: 0.
num_vsnodes_births: 2.
num_vsnodes_deaths: 0.
num_space_committed: 60.
num_space_uncommitted: 0.
num_chunks_returned_to_freelist: 0.
num_chunks_taken_from_freelist: 215.
num_chunk_merges: 0.
num_chunk_splits: 140.
num_chunks_enlarged: 77.
num_inconsistent_stats: 0.

CodeHeap 'non-profiled nmethods': size=120000Kb used=325Kb max_used=325Kb free=119674Kb
 bounds [0x0000026249d70000, 0x0000026249fe0000, 0x00000262512a0000]
CodeHeap 'profiled nmethods': size=120000Kb used=1538Kb max_used=1538Kb free=118461Kb
 bounds [0x00000262422a0000, 0x0000026242510000, 0x00000262497d0000]
CodeHeap 'non-nmethods': size=5760Kb used=1191Kb max_used=1209Kb free=4568Kb
 bounds [0x00000262497d0000, 0x0000026249a40000, 0x0000026249d70000]
CodeCache: size=245760Kb, used=3054Kb, max_used=3072Kb, free=242703Kb
 total_blobs=1410, nmethods=960, adapters=357, full_count=0
Compilation: enabled, stopped_count=0, restarted_count=0

Compilation events (20 events):
Event: 0.917 Thread 0x0000026297dfee00  717       3       jdk.internal.util.ArraysSupport::hashCode (33 bytes)
Event: 0.917 Thread 0x000002629813aaa0  718       4       java.util.Collections$UnmodifiableCollection::iterator (9 bytes)
Event: 0.918 Thread 0x0000026297dfee00 nmethod 717 0x00000262423acb10 code [0x00000262423accc0, 0x00000262423ace88]
Event: 0.918 Thread 0x0000026297dfee00  716       3       java.lang.StringBuilder::<init> (6 bytes)
Event: 0.918 Thread 0x0000026297dfee00 nmethod 716 0x00000262423acf90 code [0x00000262423ad140, 0x00000262423ad278]
Event: 0.920 Thread 0x0000026297dfee00  720       3       java.lang.String::toLowerCase (29 bytes)
Event: 0.921 Thread 0x0000026297dfee00 nmethod 720 0x00000262423ad310 code [0x00000262423ad4e0, 0x00000262423ad798]
Event: 0.921 Thread 0x0000026297dfee00  721       1       java.util.LinkedHashMap::removeEldestEntry (2 bytes)
Event: 0.921 Thread 0x0000026297dfee00 nmethod 721 0x0000026249db3110 code [0x0000026249db32a0, 0x0000026249db3368]
Event: 0.922 Thread 0x0000026297dfee00  723       3       java.security.Provider$ServiceKey::<init> (39 bytes)
Event: 0.922 Thread 0x0000026297dfee00 nmethod 723 0x00000262423ad890 code [0x00000262423ada80, 0x00000262423adec0]
Event: 0.922 Thread 0x0000026297dfee00  724       1       java.security.Provider$UString::toString (5 bytes)
Event: 0.923 Thread 0x0000026297dfee00 nmethod 724 0x0000026249db3410 code [0x0000026249db35a0, 0x0000026249db3668]
Event: 0.923 Thread 0x0000026297dfee00  725       1       java.security.Provider$Service::getProvider (5 bytes)
Event: 0.923 Thread 0x0000026297dfee00 nmethod 725 0x0000026249db3710 code [0x0000026249db38a0, 0x0000026249db3968]
Event: 0.923 Thread 0x0000026297dfee00  726       1       java.security.Provider$Service::getClassName (5 bytes)
Event: 0.924 Thread 0x0000026297dfee00 nmethod 726 0x0000026249db3a10 code [0x0000026249db3ba0, 0x0000026249db3c68]
Event: 0.927 Thread 0x0000026297dfee00  727       3       sun.security.provider.SHA2::implCompress0 (448 bytes)
Event: 0.928 Thread 0x0000026297dfee00 nmethod 727 0x00000262423ae090 code [0x00000262423ae2e0, 0x00000262423aee90]
Event: 0.929 Thread 0x0000026297dfee00  729       3       sun.security.provider.ByteArrayAccess::b2iBig64 (231 bytes)

GC Heap History (0 events):
No events

Dll operation events (16 events):
Event: 0.020 Attempting to load shared library c:\Users\dell\.vscode\extensions\redhat.java-1.56.0-win32-x64\jre\21.0.12.1-win32-x86_64\bin\java.dll
Event: 0.020 Loaded shared library c:\Users\dell\.vscode\extensions\redhat.java-1.56.0-win32-x64\jre\21.0.12.1-win32-x86_64\bin\java.dll
Event: 0.128 Attempting to load shared library c:\Users\dell\.vscode\extensions\redhat.java-1.56.0-win32-x64\jre\21.0.12.1-win32-x86_64\bin\zip.dll
Event: 0.129 Loaded shared library c:\Users\dell\.vscode\extensions\redhat.java-1.56.0-win32-x64\jre\21.0.12.1-win32-x86_64\bin\zip.dll
Event: 0.167 Attempting to load shared library C:\Users\dell\.vscode\extensions\redhat.java-1.56.0-win32-x64\jre\21.0.12.1-win32-x86_64\bin\instrument.dll
Event: 0.167 Loaded shared library C:\Users\dell\.vscode\extensions\redhat.java-1.56.0-win32-x64\jre\21.0.12.1-win32-x86_64\bin\instrument.dll
Event: 0.173 Attempting to load shared library C:\Users\dell\.vscode\extensions\redhat.java-1.56.0-win32-x64\jre\21.0.12.1-win32-x86_64\bin\net.dll
Event: 0.175 Loaded shared library C:\Users\dell\.vscode\extensions\redhat.java-1.56.0-win32-x64\jre\21.0.12.1-win32-x86_64\bin\net.dll
Event: 0.179 Attempting to load shared library C:\Users\dell\.vscode\extensions\redhat.java-1.56.0-win32-x64\jre\21.0.12.1-win32-x86_64\bin\nio.dll
Event: 0.180 Loaded shared library C:\Users\dell\.vscode\extensions\redhat.java-1.56.0-win32-x64\jre\21.0.12.1-win32-x86_64\bin\nio.dll
Event: 0.186 Attempting to load shared library C:\Users\dell\.vscode\extensions\redhat.java-1.56.0-win32-x64\jre\21.0.12.1-win32-x86_64\bin\zip.dll
Event: 0.186 Loaded shared library C:\Users\dell\.vscode\extensions\redhat.java-1.56.0-win32-x64\jre\21.0.12.1-win32-x86_64\bin\zip.dll
Event: 0.222 Attempting to load shared library C:\Users\dell\.vscode\extensions\redhat.java-1.56.0-win32-x64\jre\21.0.12.1-win32-x86_64\bin\jimage.dll
Event: 0.222 Loaded shared library C:\Users\dell\.vscode\extensions\redhat.java-1.56.0-win32-x64\jre\21.0.12.1-win32-x86_64\bin\jimage.dll
Event: 0.395 Attempting to load shared library c:\Users\dell\.vscode\extensions\redhat.java-1.56.0-win32-x64\jre\21.0.12.1-win32-x86_64\bin\verify.dll
Event: 0.396 Loaded shared library c:\Users\dell\.vscode\extensions\redhat.java-1.56.0-win32-x64\jre\21.0.12.1-win32-x86_64\bin\verify.dll

Deoptimization events (20 events):
Event: 0.879 Thread 0x000002623f0ad220 DEOPT PACKING pc=0x0000026242398784 sp=0x000000d0fe4fd7b0
Event: 0.879 Thread 0x000002623f0ad220 DEOPT UNPACKING pc=0x0000026249824242 sp=0x000000d0fe4fcc08 mode 0
Event: 0.880 Thread 0x000002623f0ad220 DEOPT PACKING pc=0x0000026242398784 sp=0x000000d0fe4fd7b0
Event: 0.880 Thread 0x000002623f0ad220 DEOPT UNPACKING pc=0x0000026249824242 sp=0x000000d0fe4fcc08 mode 0
Event: 0.880 Thread 0x000002623f0ad220 DEOPT PACKING pc=0x0000026242398784 sp=0x000000d0fe4fd8d0
Event: 0.880 Thread 0x000002623f0ad220 DEOPT UNPACKING pc=0x0000026249824242 sp=0x000000d0fe4fcd28 mode 0
Event: 0.880 Thread 0x000002623f0ad220 DEOPT PACKING pc=0x0000026242398784 sp=0x000000d0fe4fd8d0
Event: 0.880 Thread 0x000002623f0ad220 DEOPT UNPACKING pc=0x0000026249824242 sp=0x000000d0fe4fcd28 mode 0
Event: 0.885 Thread 0x000002623f0ad220 Uncommon trap: trap_request=0xffffffde fr.pc=0x0000026249da23a0 relative=0x0000000000000940
Event: 0.885 Thread 0x000002623f0ad220 Uncommon trap: reason=class_check action=maybe_recompile pc=0x0000026249da23a0 method=java.util.HashMap.putVal(ILjava/lang/Object;Ljava/lang/Object;ZZ)Ljava/lang/Object; @ 91 c2
Event: 0.885 Thread 0x000002623f0ad220 DEOPT PACKING pc=0x0000026249da23a0 sp=0x000000d0fe4fded0
Event: 0.885 Thread 0x000002623f0ad220 DEOPT UNPACKING pc=0x0000026249823aa2 sp=0x000000d0fe4fde90 mode 2
Event: 0.886 Thread 0x000002623f0ad220 Uncommon trap: trap_request=0xffffffde fr.pc=0x0000026249da23a0 relative=0x0000000000000940
Event: 0.886 Thread 0x000002623f0ad220 Uncommon trap: reason=class_check action=maybe_recompile pc=0x0000026249da23a0 method=java.util.HashMap.putVal(ILjava/lang/Object;Ljava/lang/Object;ZZ)Ljava/lang/Object; @ 91 c2
Event: 0.887 Thread 0x000002623f0ad220 DEOPT PACKING pc=0x0000026249da23a0 sp=0x000000d0fe4fdff0
Event: 0.887 Thread 0x000002623f0ad220 DEOPT UNPACKING pc=0x0000026249823aa2 sp=0x000000d0fe4fdf80 mode 2
Event: 0.897 Thread 0x000002623f0ad220 Uncommon trap: trap_request=0xffffff6e fr.pc=0x0000026249db14ac relative=0x000000000000020c
Event: 0.897 Thread 0x000002623f0ad220 Uncommon trap: reason=loop_limit_check action=maybe_recompile pc=0x0000026249db14ac method=java.math.BigInteger.implMulAdd([I[IIII)I @ 26 c2
Event: 0.897 Thread 0x000002623f0ad220 DEOPT PACKING pc=0x0000026249db14ac sp=0x000000d0fe4fd9a0
Event: 0.897 Thread 0x000002623f0ad220 DEOPT UNPACKING pc=0x0000026249823aa2 sp=0x000000d0fe4fd8f0 mode 2

Classes loaded (20 events):
Event: 0.910 Loading class java/security/interfaces/XECKey
Event: 0.910 Loading class java/security/interfaces/XECKey done
Event: 0.910 Loading class sun/security/util/KeyUtil
Event: 0.911 Loading class sun/security/util/KeyUtil done
Event: 0.911 Loading class sun/security/util/Length
Event: 0.911 Loading class sun/security/util/Length done
Event: 0.911 Loading class javax/crypto/SecretKey
Event: 0.911 Loading class javax/crypto/SecretKey done
Event: 0.913 Loading class java/util/Base64
Event: 0.914 Loading class java/util/Base64 done
Event: 0.914 Loading class java/util/Base64$Decoder
Event: 0.918 Loading class java/util/Base64$Decoder done
Event: 0.918 Loading class java/util/Base64$Encoder
Event: 0.918 Loading class java/util/Base64$Encoder done
Event: 0.919 Loading class java/util/LinkedList$Node
Event: 0.919 Loading class java/util/LinkedList$Node done
Event: 0.919 Loading class java/util/jar/JarVerifier$VerifierStream
Event: 0.920 Loading class java/util/jar/JarVerifier$VerifierStream done
Event: 0.920 Loading class sun/security/util/ManifestEntryVerifier$SunProviderHolder
Event: 0.920 Loading class sun/security/util/ManifestEntryVerifier$SunProviderHolder done

Classes unloaded (0 events):
No events

Classes redefined (0 events):
No events

Internal exceptions (12 events):
Event: 0.120 Thread 0x000002623f0ad220 Exception <a 'java/lang/NoSuchMethodError'{0x00000000d57a9688}: 'void java.lang.invoke.DirectMethodHandle$Holder.invokeStatic(java.lang.Object, java.lang.Object, java.lang.Object)'> (0x00000000d57a9688) 
thrown [s\src\hotspot\share\interpreter\linkResolver.cpp, line 773]
Event: 0.208 Thread 0x000002623f0ad220 Exception <a 'java/lang/NoSuchMethodError'{0x00000000d5912aa0}: 'java.lang.Object java.lang.invoke.Invokers$Holder.invokeExact_MT(java.lang.Object, java.lang.Object, java.lang.Object, java.lang.Object, java.lang.Object)'> (0x00000000d5912aa0) 
thrown [s\src\hotspot\share\interpreter\linkResolver.cpp, line 773]
Event: 0.303 Thread 0x000002623f0ad220 Exception <a 'java/lang/NoSuchMethodError'{0x00000000d59cbdd8}: 'int java.lang.invoke.DirectMethodHandle$Holder.invokeSpecial(java.lang.Object, java.lang.Object, java.lang.Object, int)'> (0x00000000d59cbdd8) 
thrown [s\src\hotspot\share\interpreter\linkResolver.cpp, line 773]
Event: 0.308 Thread 0x000002623f0ad220 Exception <a 'java/lang/NoSuchMethodError'{0x00000000d59de7c0}: 'java.lang.Object java.lang.invoke.DirectMethodHandle$Holder.invokeStatic(java.lang.Object, java.lang.Object, java.lang.Object, java.lang.Object, int)'> (0x00000000d59de7c0) 
thrown [s\src\hotspot\share\interpreter\linkResolver.cpp, line 773]
Event: 0.312 Thread 0x000002623f0ad220 Exception <a 'java/lang/NoSuchMethodError'{0x00000000d59e9c68}: 'void java.lang.invoke.DelegatingMethodHandle$Holder.reinvoke_L(java.lang.Object, java.lang.Object, java.lang.Object, int, java.lang.Object)'> (0x00000000d59e9c68) 
thrown [s\src\hotspot\share\interpreter\linkResolver.cpp, line 773]
Event: 0.317 Thread 0x000002623f0ad220 Exception <a 'java/lang/NoSuchMethodError'{0x00000000d59fa5b8}: 'int java.lang.invoke.DirectMethodHandle$Holder.invokeSpecial(java.lang.Object, java.lang.Object, java.lang.Object)'> (0x00000000d59fa5b8) 
thrown [s\src\hotspot\share\interpreter\linkResolver.cpp, line 773]
Event: 0.321 Thread 0x000002623f0ad220 Exception <a 'java/lang/NoSuchMethodError'{0x00000000d5a06278}: 'java.lang.Object java.lang.invoke.DirectMethodHandle$Holder.invokeStatic(java.lang.Object, java.lang.Object, int)'> (0x00000000d5a06278) 
thrown [s\src\hotspot\share\interpreter\linkResolver.cpp, line 773]
Event: 0.323 Thread 0x000002623f0ad220 Exception <a 'java/lang/NoSuchMethodError'{0x00000000d5a0abc8}: 'void java.lang.invoke.DirectMethodHandle$Holder.invokeStatic(java.lang.Object, java.lang.Object, int, java.lang.Object)'> (0x00000000d5a0abc8) 
thrown [s\src\hotspot\share\interpreter\linkResolver.cpp, line 773]
Event: 0.324 Thread 0x000002623f0ad220 Exception <a 'java/lang/NoSuchMethodError'{0x00000000d5a0e758}: 'void java.lang.invoke.DirectMethodHandle$Holder.invokeSpecial(java.lang.Object, java.lang.Object, java.lang.Object, int, java.lang.Object)'> (0x00000000d5a0e758) 
thrown [s\src\hotspot\share\interpreter\linkResolver.cpp, line 773]
Event: 0.325 Thread 0x000002623f0ad220 Exception <a 'java/lang/NoSuchMethodError'{0x00000000d5a11bc8}: 'void java.lang.invoke.DelegatingMethodHandle$Holder.delegate(java.lang.Object, java.lang.Object, int, java.lang.Object)'> (0x00000000d5a11bc8) 
thrown [s\src\hotspot\share\interpreter\linkResolver.cpp, line 773]
Event: 0.458 Thread 0x000002623f0ad220 Exception <a 'java/lang/NoSuchMethodError'{0x00000000d5bd1b20}: 'void java.lang.invoke.DelegatingMethodHandle$Holder.reinvoke_L(java.lang.Object, java.lang.Object, java.lang.Object, int)'> (0x00000000d5bd1b20) 
thrown [s\src\hotspot\share\interpreter\linkResolver.cpp, line 773]
Event: 0.739 Thread 0x000002623f0ad220 Exception <a 'java/lang/NoSuchMethodError'{0x00000000d6065888}: 'void java.lang.invoke.DirectMethodHandle$Holder.invokeVirtual(java.lang.Object, java.lang.Object)'> (0x00000000d6065888) 
thrown [s\src\hotspot\share\interpreter\linkResolver.cpp, line 773]

ZGC Phase Switch (0 events):
No events

VM Operations (6 events):
Event: 0.126 Executing non-safepoint VM operation: HandshakeAllThreads (Deoptimize)
Event: 0.126 Executing non-safepoint VM operation: HandshakeAllThreads (Deoptimize) done
Event: 0.259 Executing non-safepoint VM operation: HandshakeAllThreads (Deoptimize)
Event: 0.259 Executing non-safepoint VM operation: HandshakeAllThreads (Deoptimize) done
Event: 0.912 Executing non-safepoint VM operation: HandshakeAllThreads (Deoptimize)
Event: 0.912 Executing non-safepoint VM operation: HandshakeAllThreads (Deoptimize) done

Memory protections (0 events):
No events

Nmethod flushes (0 events):
No events

Events (13 events):
Event: 0.041 Thread 0x000002623f0ad220 Thread added: 0x000002623f0ad220
Event: 0.066 Thread 0x000002623f0ad220 Thread added: 0x000002623f15e800
Event: 0.066 Thread 0x000002623f0ad220 Thread added: 0x000002623f041e30
Event: 0.067 Thread 0x000002623f0ad220 Thread added: 0x000002623f046760
Event: 0.067 Thread 0x000002623f0ad220 Thread added: 0x000002623f048650
Event: 0.067 Thread 0x000002623f0ad220 Thread added: 0x000002623f04cbf0
Event: 0.067 Thread 0x000002623f0ad220 Thread added: 0x0000026297df87f0
Event: 0.067 Thread 0x000002623f0ad220 Thread added: 0x0000026297dfcc20
Event: 0.067 Thread 0x000002623f0ad220 Thread added: 0x0000026297dfee00
Event: 0.170 Thread 0x000002623f0ad220 Thread added: 0x000002629804ab10
Event: 0.375 Thread 0x0000026297dfee00 Thread added: 0x000002629813aaa0
Event: 0.623 Thread 0x000002623f0ad220 Thread added: 0x00000262980483b0
Event: 0.796 Thread 0x0000026297dfee00 Thread added: 0x00000262981c8130


Dynamic libraries:
0x00007ff6b0600000 - 0x00007ff6b060e000 	c:\Users\dell\.vscode\extensions\redhat.java-1.56.0-win32-x64\jre\21.0.12.1-win32-x86_64\bin\java.exe
0x00007ffd54680000 - 0x00007ffd548e7000 	C:\WINDOWS\SYSTEM32\ntdll.dll
0x00007ffd53520000 - 0x00007ffd535eb000 	C:\WINDOWS\System32\KERNEL32.DLL
0x00007ffd51880000 - 0x00007ffd51c81000 	C:\WINDOWS\System32\KERNELBASE.dll
0x00007ffd51c90000 - 0x00007ffd51ddc000 	C:\WINDOWS\System32\ucrtbase.dll
0x00007ffd2b710000 - 0x00007ffd2b728000 	c:\Users\dell\.vscode\extensions\redhat.java-1.56.0-win32-x64\jre\21.0.12.1-win32-x86_64\bin\jli.dll
0x00007ffd282d0000 - 0x00007ffd282ee000 	c:\Users\dell\.vscode\extensions\redhat.java-1.56.0-win32-x64\jre\21.0.12.1-win32-x86_64\bin\VCRUNTIME140.dll
0x00007ffd53f20000 - 0x00007ffd540f7000 	C:\WINDOWS\System32\USER32.dll
0x00007ffd520b0000 - 0x00007ffd520d7000 	C:\WINDOWS\System32\win32u.dll
0x00007ffd39b70000 - 0x00007ffd39e00000 	C:\WINDOWS\WinSxS\amd64_microsoft.windows.common-controls_6595b64144ccf1df_6.0.26100.9549_none_3e0a0396e3330090\COMCTL32.dll
0x00007ffd53460000 - 0x00007ffd5348b000 	C:\WINDOWS\System32\GDI32.dll
0x00007ffd532d0000 - 0x00007ffd53379000 	C:\WINDOWS\System32\msvcrt.dll
0x00007ffd51df0000 - 0x00007ffd51f18000 	C:\WINDOWS\System32\gdi32full.dll
0x00007ffd52170000 - 0x00007ffd52213000 	C:\WINDOWS\System32\msvcp_win.dll
0x00007ffd523a0000 - 0x00007ffd523d1000 	C:\WINDOWS\System32\IMM32.DLL
0x00007ffd4b440000 - 0x00007ffd4b44c000 	c:\Users\dell\.vscode\extensions\redhat.java-1.56.0-win32-x64\jre\21.0.12.1-win32-x86_64\bin\vcruntime140_1.dll
0x00007ffcdf140000 - 0x00007ffcdf1cd000 	c:\Users\dell\.vscode\extensions\redhat.java-1.56.0-win32-x64\jre\21.0.12.1-win32-x86_64\bin\msvcp140.dll
0x00007ffcaf860000 - 0x00007ffcb0602000 	c:\Users\dell\.vscode\extensions\redhat.java-1.56.0-win32-x64\jre\21.0.12.1-win32-x86_64\bin\server\jvm.dll
0x00007ffd54560000 - 0x00007ffd5461b000 	C:\WINDOWS\System32\ADVAPI32.dll
0x00007ffd53190000 - 0x00007ffd53238000 	C:\WINDOWS\System32\sechost.dll
0x00007ffd54180000 - 0x00007ffd54298000 	C:\WINDOWS\System32\RPCRT4.dll
0x00007ffd53490000 - 0x00007ffd53511000 	C:\WINDOWS\System32\WS2_32.dll
0x00007ffd4df30000 - 0x00007ffd4df67000 	C:\WINDOWS\SYSTEM32\WINMM.dll
0x00007ffd48640000 - 0x00007ffd4864b000 	C:\WINDOWS\SYSTEM32\VERSION.dll
0x00007ffd516d0000 - 0x00007ffd5172e000 	C:\WINDOWS\SYSTEM32\POWRPROF.dll
0x00007ffd516b0000 - 0x00007ffd516c5000 	C:\WINDOWS\SYSTEM32\UMPDC.dll
0x00007ffd504f0000 - 0x00007ffd5050b000 	C:\WINDOWS\SYSTEM32\kernel.appcore.dll
0x00007ffd282a0000 - 0x00007ffd282aa000 	c:\Users\dell\.vscode\extensions\redhat.java-1.56.0-win32-x64\jre\21.0.12.1-win32-x86_64\bin\jimage.dll
0x00007ffd4ede0000 - 0x00007ffd4f02c000 	C:\WINDOWS\SYSTEM32\DBGHELP.DLL
0x00007ffd52d20000 - 0x00007ffd530aa000 	C:\WINDOWS\System32\combase.dll
0x00007ffd530b0000 - 0x00007ffd53189000 	C:\WINDOWS\System32\OLEAUT32.dll
0x00007ffd3a2c0000 - 0x00007ffd3a2fb000 	C:\WINDOWS\SYSTEM32\dbgcore.DLL
0x00007ffd522e0000 - 0x00007ffd5238c000 	C:\WINDOWS\System32\bcryptPrimitives.dll
0x00007ffd217c0000 - 0x00007ffd217cf000 	c:\Users\dell\.vscode\extensions\redhat.java-1.56.0-win32-x64\jre\21.0.12.1-win32-x86_64\bin\instrument.dll
0x00007ffd1c370000 - 0x00007ffd1c390000 	c:\Users\dell\.vscode\extensions\redhat.java-1.56.0-win32-x64\jre\21.0.12.1-win32-x86_64\bin\java.dll
0x00007ffd535f0000 - 0x00007ffd53d8c000 	C:\WINDOWS\System32\SHELL32.dll
0x00007ffd4f2a0000 - 0x00007ffd4fb4d000 	C:\WINDOWS\SYSTEM32\windows.storage.dll
0x00007ffd53da0000 - 0x00007ffd53e99000 	C:\WINDOWS\System32\SHCORE.dll
0x00007ffd54110000 - 0x00007ffd54176000 	C:\WINDOWS\System32\shlwapi.dll
0x00007ffd51790000 - 0x00007ffd517b9000 	C:\WINDOWS\SYSTEM32\profapi.dll
0x00007ffd2f070000 - 0x00007ffd2f088000 	c:\Users\dell\.vscode\extensions\redhat.java-1.56.0-win32-x64\jre\21.0.12.1-win32-x86_64\bin\zip.dll
0x00007ffd2b880000 - 0x00007ffd2b890000 	C:\Users\dell\.vscode\extensions\redhat.java-1.56.0-win32-x64\jre\21.0.12.1-win32-x86_64\bin\net.dll
0x00007ffd4d980000 - 0x00007ffd4daaa000 	C:\WINDOWS\SYSTEM32\WINHTTP.dll
0x00007ffd50ae0000 - 0x00007ffd50b4c000 	C:\WINDOWS\system32\mswsock.dll
0x00007ffd20e20000 - 0x00007ffd20e36000 	C:\Users\dell\.vscode\extensions\redhat.java-1.56.0-win32-x64\jre\21.0.12.1-win32-x86_64\bin\nio.dll
0x00007ffd217b0000 - 0x00007ffd217c0000 	c:\Users\dell\.vscode\extensions\redhat.java-1.56.0-win32-x64\jre\21.0.12.1-win32-x86_64\bin\verify.dll

JVMTI agents:
c:\Users\dell\.vscode\extensions\redhat.java-1.56.0-win32-x64\lombok\lombok-1.18.39-4050.jar path:c:\Users\dell\.vscode\extensions\redhat.java-1.56.0-win32-x64\jre\21.0.12.1-win32-x86_64\bin\instrument.dll, loaded, initialized, instrumentlib options:none

dbghelp: loaded successfully - version: 4.0.5 - missing functions: none
symbol engine: initialized successfully - sym options: 0x614 - pdb path: .;c:\Users\dell\.vscode\extensions\redhat.java-1.56.0-win32-x64\jre\21.0.12.1-win32-x86_64\bin;C:\WINDOWS\SYSTEM32;C:\WINDOWS\WinSxS\amd64_microsoft.windows.common-controls_6595b64144ccf1df_6.0.26100.9549_none_3e0a0396e3330090;c:\Users\dell\.vscode\extensions\redhat.java-1.56.0-win32-x64\jre\21.0.12.1-win32-x86_64\bin\server

VM Arguments:
jvm_args: --add-modules=ALL-SYSTEM --add-opens=java.base/java.util=ALL-UNNAMED --add-opens=java.base/java.lang=ALL-UNNAMED --add-opens=java.base/sun.nio.fs=ALL-UNNAMED -Declipse.application=org.eclipse.jdt.ls.core.id1 -Dosgi.bundles.defaultStartLevel=4 -Declipse.product=org.eclipse.jdt.ls.core.product -Djava.import.generatesMetadataFilesAtProjectRoot=false -Dm2e.project.cache.size=50 -DDetectVMInstallationsJob.disabled=true -Dfile.encoding=utf8 -XX:+UseParallelGC -XX:GCTimeRatio=4 -XX:AdaptiveSizePolicyWeight=90 -Dsun.zip.disableMemoryMapping=true -Xmx2G -Xms100m -Xlog:disable -javaagent:c:\Users\dell\.vscode\extensions\redhat.java-1.56.0-win32-x64\lombok\lombok-1.18.39-4050.jar 
java_command: c:\Users\dell\.vscode\extensions\redhat.java-1.56.0-win32-x64\server\plugins\org.eclipse.equinox.launcher_1.8.0.v20260804-1928.jar -configuration c:\Users\dell\AppData\Roaming\Code\User\globalStorage\redhat.java\1.56.0\config_ss_win -data c:\Users\dell\AppData\Roaming\Code\User\workspaceStorage\034b62720de069519e9ab50c464d5e4c\redhat.java\ss_ws --pipe=\\.\pipe\lsp-4c85d697360143bcb760072de55bcd8e-sock
java_class_path (initial): c:\Users\dell\.vscode\extensions\redhat.java-1.56.0-win32-x64\server\plugins\org.eclipse.equinox.launcher_1.8.0.v20260804-1928.jar
Launcher Type: SUN_STANDARD

[Global flags]
    uintx AdaptiveSizePolicyWeight                 = 90                                        {product} {command line}
     intx CICompilerCount                          = 4                                         {product} {ergonomic}
    uintx GCTimeRatio                              = 4                                         {product} {command line}
   size_t InitialHeapSize                          = 104857600                                 {product} {command line}
   size_t MaxHeapSize                              = 2147483648                                {product} {command line}
   size_t MaxNewSize                               = 715653120                                 {product} {ergonomic}
   size_t MinHeapDeltaBytes                        = 524288                                    {product} {ergonomic}
   size_t MinHeapSize                              = 104857600                                 {product} {command line}
   size_t NewSize                                  = 34603008                                  {product} {ergonomic}
    uintx NonNMethodCodeHeapSize                   = 5839372                                {pd product} {ergonomic}
    uintx NonProfiledCodeHeapSize                  = 122909434                              {pd product} {ergonomic}
   size_t OldSize                                  = 70254592                                  {product} {ergonomic}
    uintx ProfiledCodeHeapSize                     = 122909434                              {pd product} {ergonomic}
    uintx ReservedCodeCacheSize                    = 251658240                              {pd product} {ergonomic}
     bool SegmentedCodeCache                       = true                                      {product} {ergonomic}
   size_t SoftMaxHeapSize                          = 2147483648                             {manageable} {ergonomic}
     bool UseCompressedOops                        = true                           {product lp64_product} {ergonomic}
     bool UseLargePagesIndividualAllocation        = false                                  {pd product} {ergonomic}
     bool UseParallelGC                            = true                                      {product} {command line}

Logging:
Log output configuration:
 #0: stdout all=off uptime,level,tags foldmultilines=false
 #1: stderr all=off uptime,level,tags foldmultilines=false

Release file:
JAVA_VERSION="21.0.12.1" 
MODULES="java.base java.compiler java.datatransfer java.xml java.prefs java.desktop java.instrument java.logging java.management java.security.sasl java.naming java.rmi java.management.rmi java.net.http java.scripting java.security.jgss java.transaction.xa java.sql java.sql.rowset java.xml.crypto java.se java.smartcardio jdk.accessibility jdk.internal.jvmstat jdk.attach jdk.charsets jdk.internal.opt jdk.zipfs jdk.compiler jdk.crypto.ec jdk.crypto.cryptoki jdk.crypto.mscapi jdk.dynalink jdk.internal.ed jdk.editpad jdk.hotspot.agent jdk.httpserver jdk.internal.le jdk.internal.vm.ci jdk.internal.vm.compiler jdk.internal.vm.compiler.management jdk.jartool jdk.javadoc jdk.jcmd jdk.management jdk.management.agent jdk.jconsole jdk.jdeps jdk.jdwp.agent jdk.jdi jdk.jfr jdk.jshell jdk.jsobject jdk.jstatd jdk.localedata jdk.management.jfr jdk.naming.dns jdk.naming.rmi jdk.net jdk.nio.mapmode jdk.random jdk.sctp jdk.security.auth jdk.security.jgss jdk.unsupported jdk.unsupported.desktop jdk.xml.dom" 

Environment Variables:
JAVA_HOME=C:\Program Files\Java\jdk-21
PATH=C:\Program Files\Common Files\Oracle\Java\javapath;C:\Program Files\Microsoft MPI\Bin\;C:\Windows\system32;C:\Windows;C:\Windows\System32\Wbem;C:\Windows\System32\WindowsPowerShell\v1.0\;C:\Windows\System32\OpenSSH\;C:\Program Files (x86)\NVIDIA Corporation\PhysX\Common;C:\WINDOWS\system32;C:\WINDOWS;C:\WINDOWS\System32\Wbem;C:\WINDOWS\System32\WindowsPowerShell\v1.0\;C:\WINDOWS\System32\OpenSSH\;C:\Program Files\Git\cmd;C:\Program Files\NVIDIA Corporation\NVIDIA NvDLISR;C:\Program Files\MongoDB\Server\5.0\bin;C:\Program Files\dotnet\;C:\Program Files\nodejs\;C:\Program Files\MySQL\MySQL Server 8.0\bin;C:\Program Files\Java\jdk-21\bin;C:\Users\dell\Downloads\apache-maven-3.9.6\bin;C:\Program Files (x86)\ZeroTier\One\;C:\WINDOWS\system32;C:\WINDOWS;C:\WINDOWS\System32\Wbem;C:\WINDOWS\System32\WindowsPowerShell\v1.0\;C:\WINDOWS\System32\OpenSSH\;C:\Program Files\WireGuard\;C:\Program Files\Microsoft SQL Server\Client SDK\ODBC\110\Tools\Binn\;C:\Program Files (x86)\Microsoft SQL Server\120\Tools\Binn\;C:\Program Files\Microsoft SQL Server\120\Tools\Binn\;C:\Program Files\Microsoft SQL Server\120\DTS\Binn\;C:\Program Files (x86)\Microsoft SQL Server\120\Tools\Binn\ManagementStudio\;C:\Program Files (x86)\Microsoft SQL Server\120\DTS\Binn\;C:\Users\dell\.local\bin;C:\Users\dell\anaconda3;C:\Users\dell\anaconda3\Library\mingw-w64\bin;C:\Users\dell\anaconda3\Library\usr\bin;C:\Users\dell\anaconda3\Library\bin;C:\Users\dell\anaconda3\Scripts;C:\Program Files\MySQL\MySQL Shell 8.0\bin\;C:\Users\dell\miniconda3;C:\Users\dell\miniconda3\Library\mingw-w64\bin;C:\Users\dell\miniconda3\Library\usr\bin;C:\Users\dell\miniconda3\Library\bin;C:\Users\dell\miniconda3\Scripts;C:\Users\dell\AppData\Local\Programs\Python\Python39\Scripts\;C:\Users\dell\AppData\Local\Programs\Python\Python39\;C:\Users\dell\AppData\Local\Programs\Python\Launcher\;C:\Users\dell\AppData\Local\Microsoft\WindowsApps;C:\Users\dell\AppData\Local\Programs\Microsoft VS Code\bin;C:\Program Files\CodeBlocks\MinGW\bin;C:\Users\dell\AppData\Local\GitHubDesktop\bin;C:\Users\dell\AppData\Roaming\npm;C:\Program Files\Azure Data Studio\bin;C:\Users\dell\Downloads\apache-maven-3.9.6
USERNAME=dell
OS=Windows_NT
PROCESSOR_IDENTIFIER=Intel64 Family 6 Model 158 Stepping 10, GenuineIntel
TMP=C:\Users\dell\AppData\Local\Temp
TEMP=C:\Users\dell\AppData\Local\Temp




Periodic native trim disabled

---------------  S Y S T E M  ---------------

OS:
 Windows 11 , 64 bit Build 26100 (10.0.26100.9549)
OS uptime: 0 days 2:02 hours
Hyper-V role detected

CPU: total 12 (initial active 12) (6 cores per cpu, 2 threads per core) family 6 model 158 stepping 10 microcode 0xf0, cx8, cmov, fxsr, ht, mmx, 3dnowpref, sse, sse2, sse3, ssse3, sse4.1, sse4.2, popcnt, lzcnt, tsc, tscinvbit, avx, avx2, aes, erms, clmul, bmi1, bmi2, adx, fma, vzeroupper, clflush, clflushopt, hv, rdtscp, f16c
Processor Information for the first 12 processors :
  Max Mhz: 2208, Current Mhz: 2208, Mhz Limit: 2208

Memory: 4k page, system-wide physical 16176M (2734M free)
TotalPageFile size 18224M (AvailPageFile size 175M)
current process WorkingSet (physical memory assigned to process): 73M, peak: 73M
current process commit charge ("private bytes"): 241M, peak: 241M

vm_info: OpenJDK 64-Bit Server VM (21.0.12.1+1-LTS) for windows-amd64 JRE (21.0.12.1+1-LTS), built on 2026-08-18T00:00:00Z by "admin" with MS VC++ 17.12 (VS2022)

END.
